[TerminalIPythonApp] WARNING | Could not set permissions on /home/indrisch/.ipython/profile_default/security
[TerminalIPythonApp] WARNING | Could not set permissions on /home/indrisch/.ipython/profile_default/pid
[TerminalIPythonApp] WARNING | Could not set permissions on /home/indrisch/.ipython/profile_default/security
[TerminalIPythonApp] WARNING | Could not set permissions on /home/indrisch/.ipython/profile_default/pid
[TerminalIPythonApp] ERROR | Failed to create history session in /home/indrisch/.ipython/profile_default/history.sqlite. History will not be saved.
Traceback (most recent call last):
  File "/scratch/indrisch/venv_cp8305fp/lib/python3.11/site-packages/IPython/core/history.py", line 684, in __init__
    self.new_session()
  File "/scratch/indrisch/venv_cp8305fp/lib/python3.11/site-packages/decorator.py", line 235, in fun
    return caller(func, *(extras + args), **kw)
           ^^^^^^^^^^^^^^^^^^^^^^^^^^^^^^^^^^^^
  File "/scratch/indrisch/venv_cp8305fp/lib/python3.11/site-packages/IPython/core/history.py", line 100, in only_when_enabled
    return f(self, *a, **kw)
           ^^^^^^^^^^^^^^^^^
  File "/scratch/indrisch/venv_cp8305fp/lib/python3.11/site-packages/IPython/core/history.py", line 745, in new_session
    cur = conn.execute(
          ^^^^^^^^^^^^^
sqlite3.OperationalError: attempt to write a readonly database
Looking in links: /cvmfs/soft.computecanada.ca/custom/python/wheelhouse/gentoo2023/x86-64-v4, /cvmfs/soft.computecanada.ca/custom/python/wheelhouse/gentoo2023/x86-64-v3, /cvmfs/soft.computecanada.ca/custom/python/wheelhouse/gentoo2023/generic, /cvmfs/soft.computecanada.ca/custom/python/wheelhouse/generic
Requirement already satisfied: numpy in /scratch/indrisch/venv_cp8305fp/lib/python3.11/site-packages (from -r /scratch/indrisch/CP8305FP/requirements.txt (line 2)) (2.4.2+computecanada)
Requirement already satisfied: pandas in /scratch/indrisch/venv_cp8305fp/lib/python3.11/site-packages (from -r /scratch/indrisch/CP8305FP/requirements.txt (line 3)) (3.0.0+computecanada)
Requirement already satisfied: scipy in /scratch/indrisch/venv_cp8305fp/lib/python3.11/site-packages (from -r /scratch/indrisch/CP8305FP/requirements.txt (line 4)) (1.17.0+computecanada)
Requirement already satisfied: scikit-learn in /scratch/indrisch/venv_cp8305fp/lib/python3.11/site-packages (from -r /scratch/indrisch/CP8305FP/requirements.txt (line 7)) (1.8.0+computecanada)
Requirement already satisfied: mlxtend in /scratch/indrisch/venv_cp8305fp/lib/python3.11/site-packages (from -r /scratch/indrisch/CP8305FP/requirements.txt (line 8)) (0.24.0)
Requirement already satisfied: imbalanced-learn in /scratch/indrisch/venv_cp8305fp/lib/python3.11/site-packages (from -r /scratch/indrisch/CP8305FP/requirements.txt (line 9)) (0.14.1+computecanada)
Requirement already satisfied: xgboost in /scratch/indrisch/venv_cp8305fp/lib/python3.11/site-packages (from -r /scratch/indrisch/CP8305FP/requirements.txt (line 12)) (3.2.0+computecanada)
Requirement already satisfied: lightgbm in /scratch/indrisch/venv_cp8305fp/lib/python3.11/site-packages (from -r /scratch/indrisch/CP8305FP/requirements.txt (line 13)) (4.5.0+computecanada)
Requirement already satisfied: shap in /scratch/indrisch/venv_cp8305fp/lib/python3.11/site-packages (from -r /scratch/indrisch/CP8305FP/requirements.txt (line 16)) (0.50.0+computecanada)
Requirement already satisfied: lime in /scratch/indrisch/venv_cp8305fp/lib/python3.11/site-packages (from -r /scratch/indrisch/CP8305FP/requirements.txt (line 17)) (0.2.0.1)
Requirement already satisfied: matplotlib in /scratch/indrisch/venv_cp8305fp/lib/python3.11/site-packages (from -r /scratch/indrisch/CP8305FP/requirements.txt (line 20)) (3.10.8+computecanada)
Requirement already satisfied: seaborn in /scratch/indrisch/venv_cp8305fp/lib/python3.11/site-packages (from -r /scratch/indrisch/CP8305FP/requirements.txt (line 21)) (0.13.2+computecanada)
Requirement already satisfied: plotly in /scratch/indrisch/venv_cp8305fp/lib/python3.11/site-packages (from -r /scratch/indrisch/CP8305FP/requirements.txt (line 22)) (6.7.0)
Requirement already satisfied: jupyter in /scratch/indrisch/venv_cp8305fp/lib/python3.11/site-packages (from -r /scratch/indrisch/CP8305FP/requirements.txt (line 25)) (1.1.1+computecanada)
Requirement already satisfied: notebook in /scratch/indrisch/venv_cp8305fp/lib/python3.11/site-packages (from -r /scratch/indrisch/CP8305FP/requirements.txt (line 26)) (7.5.5)
Requirement already satisfied: ipykernel in /scratch/indrisch/venv_cp8305fp/lib/python3.11/site-packages (from -r /scratch/indrisch/CP8305FP/requirements.txt (line 27)) (7.2.0+computecanada)
Requirement already satisfied: openpyxl in /scratch/indrisch/venv_cp8305fp/lib/python3.11/site-packages (from -r /scratch/indrisch/CP8305FP/requirements.txt (line 30)) (3.1.5+computecanada)
Requirement already satisfied: xlrd in /scratch/indrisch/venv_cp8305fp/lib/python3.11/site-packages (from -r /scratch/indrisch/CP8305FP/requirements.txt (line 31)) (2.0.2+computecanada)
Requirement already satisfied: fairlearn in /scratch/indrisch/venv_cp8305fp/lib/python3.11/site-packages (from -r /scratch/indrisch/CP8305FP/requirements.txt (line 32)) (0.12.0)
Requirement already satisfied: kagglehub in /scratch/indrisch/venv_cp8305fp/lib/python3.11/site-packages (from -r /scratch/indrisch/CP8305FP/requirements.txt (line 33)) (1.0.0)
Requirement already satisfied: tqdm in /scratch/indrisch/venv_cp8305fp/lib/python3.11/site-packages (from -r /scratch/indrisch/CP8305FP/requirements.txt (line 36)) (4.67.3+computecanada)
Requirement already satisfied: joblib in /scratch/indrisch/venv_cp8305fp/lib/python3.11/site-packages (from -r /scratch/indrisch/CP8305FP/requirements.txt (line 37)) (1.5.3+computecanada)
Requirement already satisfied: python-dateutil>=2.8.2 in /scratch/indrisch/venv_cp8305fp/lib/python3.11/site-packages (from pandas->-r /scratch/indrisch/CP8305FP/requirements.txt (line 3)) (2.9.0.post0+computecanada)
Requirement already satisfied: threadpoolctl>=3.2.0 in /scratch/indrisch/venv_cp8305fp/lib/python3.11/site-packages (from scikit-learn->-r /scratch/indrisch/CP8305FP/requirements.txt (line 7)) (3.6.0+computecanada)
Requirement already satisfied: sklearn-compat<0.2,>=0.1.5 in /scratch/indrisch/venv_cp8305fp/lib/python3.11/site-packages (from imbalanced-learn->-r /scratch/indrisch/CP8305FP/requirements.txt (line 9)) (0.1.5+computecanada)
Requirement already satisfied: packaging>20.9 in /scratch/indrisch/venv_cp8305fp/lib/python3.11/site-packages (from shap->-r /scratch/indrisch/CP8305FP/requirements.txt (line 16)) (26.0+computecanada)
Requirement already satisfied: slicer==0.0.8 in /scratch/indrisch/venv_cp8305fp/lib/python3.11/site-packages (from shap->-r /scratch/indrisch/CP8305FP/requirements.txt (line 16)) (0.0.8+computecanada)
Requirement already satisfied: numba>=0.54 in /scratch/indrisch/venv_cp8305fp/lib/python3.11/site-packages (from shap->-r /scratch/indrisch/CP8305FP/requirements.txt (line 16)) (0.65.0+computecanada)
Requirement already satisfied: cloudpickle in /scratch/indrisch/venv_cp8305fp/lib/python3.11/site-packages (from shap->-r /scratch/indrisch/CP8305FP/requirements.txt (line 16)) (3.1.2+computecanada)
Requirement already satisfied: typing-extensions in /scratch/indrisch/venv_cp8305fp/lib/python3.11/site-packages (from shap->-r /scratch/indrisch/CP8305FP/requirements.txt (line 16)) (4.15.0+computecanada)
Requirement already satisfied: scikit-image>=0.12 in /scratch/indrisch/venv_cp8305fp/lib/python3.11/site-packages (from lime->-r /scratch/indrisch/CP8305FP/requirements.txt (line 17)) (0.26.0+computecanada)
Requirement already satisfied: contourpy>=1.0.1 in /scratch/indrisch/venv_cp8305fp/lib/python3.11/site-packages (from matplotlib->-r /scratch/indrisch/CP8305FP/requirements.txt (line 20)) (1.3.3+computecanada)
Requirement already satisfied: cycler>=0.10 in /scratch/indrisch/venv_cp8305fp/lib/python3.11/site-packages (from matplotlib->-r /scratch/indrisch/CP8305FP/requirements.txt (line 20)) (0.12.1+computecanada)
Requirement already satisfied: fonttools>=4.22.0 in /scratch/indrisch/venv_cp8305fp/lib/python3.11/site-packages (from matplotlib->-r /scratch/indrisch/CP8305FP/requirements.txt (line 20)) (4.62.1+computecanada)
Requirement already satisfied: kiwisolver>=1.3.1 in /scratch/indrisch/venv_cp8305fp/lib/python3.11/site-packages (from matplotlib->-r /scratch/indrisch/CP8305FP/requirements.txt (line 20)) (1.4.9+computecanada)
Requirement already satisfied: pillow>=8 in /scratch/indrisch/venv_cp8305fp/lib/python3.11/site-packages (from matplotlib->-r /scratch/indrisch/CP8305FP/requirements.txt (line 20)) (12.1.0+computecanada)
Requirement already satisfied: pyparsing>=3 in /scratch/indrisch/venv_cp8305fp/lib/python3.11/site-packages (from matplotlib->-r /scratch/indrisch/CP8305FP/requirements.txt (line 20)) (3.3.2+computecanada)
Requirement already satisfied: narwhals>=1.15.1 in /scratch/indrisch/venv_cp8305fp/lib/python3.11/site-packages (from plotly->-r /scratch/indrisch/CP8305FP/requirements.txt (line 22)) (2.19.0)
Requirement already satisfied: jupyter-console in /scratch/indrisch/venv_cp8305fp/lib/python3.11/site-packages (from jupyter->-r /scratch/indrisch/CP8305FP/requirements.txt (line 25)) (6.6.3+computecanada)
Requirement already satisfied: nbconvert in /scratch/indrisch/venv_cp8305fp/lib/python3.11/site-packages (from jupyter->-r /scratch/indrisch/CP8305FP/requirements.txt (line 25)) (7.17.1)
Requirement already satisfied: ipywidgets in /scratch/indrisch/venv_cp8305fp/lib/python3.11/site-packages (from jupyter->-r /scratch/indrisch/CP8305FP/requirements.txt (line 25)) (8.1.8+computecanada)
Requirement already satisfied: jupyterlab in /scratch/indrisch/venv_cp8305fp/lib/python3.11/site-packages (from jupyter->-r /scratch/indrisch/CP8305FP/requirements.txt (line 25)) (4.5.6)
Requirement already satisfied: jupyter-server<3,>=2.4.0 in /scratch/indrisch/venv_cp8305fp/lib/python3.11/site-packages (from notebook->-r /scratch/indrisch/CP8305FP/requirements.txt (line 26)) (2.17.0+computecanada)
Requirement already satisfied: jupyterlab-server<3,>=2.28.0 in /scratch/indrisch/venv_cp8305fp/lib/python3.11/site-packages (from notebook->-r /scratch/indrisch/CP8305FP/requirements.txt (line 26)) (2.28.0+computecanada)
Requirement already satisfied: notebook-shim<0.3,>=0.2 in /scratch/indrisch/venv_cp8305fp/lib/python3.11/site-packages (from notebook->-r /scratch/indrisch/CP8305FP/requirements.txt (line 26)) (0.2.4+computecanada)
Requirement already satisfied: tornado>=6.2.0 in /scratch/indrisch/venv_cp8305fp/lib/python3.11/site-packages (from notebook->-r /scratch/indrisch/CP8305FP/requirements.txt (line 26)) (6.5.5+computecanada)
Requirement already satisfied: anyio>=3.1.0 in /scratch/indrisch/venv_cp8305fp/lib/python3.11/site-packages (from jupyter-server<3,>=2.4.0->notebook->-r /scratch/indrisch/CP8305FP/requirements.txt (line 26)) (4.13.0+computecanada)
Requirement already satisfied: argon2-cffi>=21.1 in /scratch/indrisch/venv_cp8305fp/lib/python3.11/site-packages (from jupyter-server<3,>=2.4.0->notebook->-r /scratch/indrisch/CP8305FP/requirements.txt (line 26)) (25.1.0+computecanada)
Requirement already satisfied: jinja2>=3.0.3 in /scratch/indrisch/venv_cp8305fp/lib/python3.11/site-packages (from jupyter-server<3,>=2.4.0->notebook->-r /scratch/indrisch/CP8305FP/requirements.txt (line 26)) (3.1.6+computecanada)
Requirement already satisfied: jupyter-client>=7.4.4 in /scratch/indrisch/venv_cp8305fp/lib/python3.11/site-packages (from jupyter-server<3,>=2.4.0->notebook->-r /scratch/indrisch/CP8305FP/requirements.txt (line 26)) (8.8.0+computecanada)
Requirement already satisfied: jupyter-core!=5.0.*,>=4.12 in /scratch/indrisch/venv_cp8305fp/lib/python3.11/site-packages (from jupyter-server<3,>=2.4.0->notebook->-r /scratch/indrisch/CP8305FP/requirements.txt (line 26)) (5.9.1+computecanada)
Requirement already satisfied: jupyter-events>=0.11.0 in /scratch/indrisch/venv_cp8305fp/lib/python3.11/site-packages (from jupyter-server<3,>=2.4.0->notebook->-r /scratch/indrisch/CP8305FP/requirements.txt (line 26)) (0.12.0+computecanada)
Requirement already satisfied: jupyter-server-terminals>=0.4.4 in /scratch/indrisch/venv_cp8305fp/lib/python3.11/site-packages (from jupyter-server<3,>=2.4.0->notebook->-r /scratch/indrisch/CP8305FP/requirements.txt (line 26)) (0.5.4+computecanada)
Requirement already satisfied: nbformat>=5.3.0 in /scratch/indrisch/venv_cp8305fp/lib/python3.11/site-packages (from jupyter-server<3,>=2.4.0->notebook->-r /scratch/indrisch/CP8305FP/requirements.txt (line 26)) (5.10.4+computecanada)
Requirement already satisfied: overrides>=5.0 in /scratch/indrisch/venv_cp8305fp/lib/python3.11/site-packages (from jupyter-server<3,>=2.4.0->notebook->-r /scratch/indrisch/CP8305FP/requirements.txt (line 26)) (7.7.0+computecanada)
Requirement already satisfied: prometheus-client>=0.9 in /scratch/indrisch/venv_cp8305fp/lib/python3.11/site-packages (from jupyter-server<3,>=2.4.0->notebook->-r /scratch/indrisch/CP8305FP/requirements.txt (line 26)) (0.25.0)
Requirement already satisfied: pyzmq>=24 in /scratch/indrisch/venv_cp8305fp/lib/python3.11/site-packages (from jupyter-server<3,>=2.4.0->notebook->-r /scratch/indrisch/CP8305FP/requirements.txt (line 26)) (27.1.0+computecanada)
Requirement already satisfied: send2trash>=1.8.2 in /scratch/indrisch/venv_cp8305fp/lib/python3.11/site-packages (from jupyter-server<3,>=2.4.0->notebook->-r /scratch/indrisch/CP8305FP/requirements.txt (line 26)) (2.1.0+computecanada)
Requirement already satisfied: terminado>=0.8.3 in /scratch/indrisch/venv_cp8305fp/lib/python3.11/site-packages (from jupyter-server<3,>=2.4.0->notebook->-r /scratch/indrisch/CP8305FP/requirements.txt (line 26)) (0.18.1+computecanada)
Requirement already satisfied: traitlets>=5.6.0 in /scratch/indrisch/venv_cp8305fp/lib/python3.11/site-packages (from jupyter-server<3,>=2.4.0->notebook->-r /scratch/indrisch/CP8305FP/requirements.txt (line 26)) (5.14.3+computecanada)
Requirement already satisfied: websocket-client>=1.7 in /scratch/indrisch/venv_cp8305fp/lib/python3.11/site-packages (from jupyter-server<3,>=2.4.0->notebook->-r /scratch/indrisch/CP8305FP/requirements.txt (line 26)) (1.9.0+computecanada)
Requirement already satisfied: async-lru>=1.0.0 in /scratch/indrisch/venv_cp8305fp/lib/python3.11/site-packages (from jupyterlab->jupyter->-r /scratch/indrisch/CP8305FP/requirements.txt (line 25)) (2.3.0)
Requirement already satisfied: httpx<1,>=0.25.0 in /scratch/indrisch/venv_cp8305fp/lib/python3.11/site-packages (from jupyterlab->jupyter->-r /scratch/indrisch/CP8305FP/requirements.txt (line 25)) (0.28.1+computecanada)
Requirement already satisfied: jupyter-lsp>=2.0.0 in /scratch/indrisch/venv_cp8305fp/lib/python3.11/site-packages (from jupyterlab->jupyter->-r /scratch/indrisch/CP8305FP/requirements.txt (line 25)) (2.3.1)
Requirement already satisfied: setuptools>=41.1.0 in /scratch/indrisch/venv_cp8305fp/lib/python3.11/site-packages (from jupyterlab->jupyter->-r /scratch/indrisch/CP8305FP/requirements.txt (line 25)) (68.0.0)
Requirement already satisfied: certifi in /scratch/indrisch/venv_cp8305fp/lib/python3.11/site-packages (from httpx<1,>=0.25.0->jupyterlab->jupyter->-r /scratch/indrisch/CP8305FP/requirements.txt (line 25)) (2026.2.25+computecanada)
Requirement already satisfied: httpcore==1.* in /scratch/indrisch/venv_cp8305fp/lib/python3.11/site-packages (from httpx<1,>=0.25.0->jupyterlab->jupyter->-r /scratch/indrisch/CP8305FP/requirements.txt (line 25)) (1.0.9+computecanada)
Requirement already satisfied: idna in /scratch/indrisch/venv_cp8305fp/lib/python3.11/site-packages (from httpx<1,>=0.25.0->jupyterlab->jupyter->-r /scratch/indrisch/CP8305FP/requirements.txt (line 25)) (3.11+computecanada)
Requirement already satisfied: h11>=0.16 in /scratch/indrisch/venv_cp8305fp/lib/python3.11/site-packages (from httpcore==1.*->httpx<1,>=0.25.0->jupyterlab->jupyter->-r /scratch/indrisch/CP8305FP/requirements.txt (line 25)) (0.16.0+computecanada)
Requirement already satisfied: babel>=2.10 in /scratch/indrisch/venv_cp8305fp/lib/python3.11/site-packages (from jupyterlab-server<3,>=2.28.0->notebook->-r /scratch/indrisch/CP8305FP/requirements.txt (line 26)) (2.18.0)
Requirement already satisfied: json5>=0.9.0 in /scratch/indrisch/venv_cp8305fp/lib/python3.11/site-packages (from jupyterlab-server<3,>=2.28.0->notebook->-r /scratch/indrisch/CP8305FP/requirements.txt (line 26)) (0.14.0+computecanada)
Requirement already satisfied: jsonschema>=4.18.0 in /scratch/indrisch/venv_cp8305fp/lib/python3.11/site-packages (from jupyterlab-server<3,>=2.28.0->notebook->-r /scratch/indrisch/CP8305FP/requirements.txt (line 26)) (4.26.0+computecanada)
Requirement already satisfied: requests>=2.31 in /scratch/indrisch/venv_cp8305fp/lib/python3.11/site-packages (from jupyterlab-server<3,>=2.28.0->notebook->-r /scratch/indrisch/CP8305FP/requirements.txt (line 26)) (2.33.1+computecanada)
Requirement already satisfied: comm>=0.1.1 in /scratch/indrisch/venv_cp8305fp/lib/python3.11/site-packages (from ipykernel->-r /scratch/indrisch/CP8305FP/requirements.txt (line 27)) (0.2.3+computecanada)
Requirement already satisfied: debugpy>=1.6.5 in /scratch/indrisch/venv_cp8305fp/lib/python3.11/site-packages (from ipykernel->-r /scratch/indrisch/CP8305FP/requirements.txt (line 27)) (1.8.20+computecanada)
Requirement already satisfied: ipython>=7.23.1 in /scratch/indrisch/venv_cp8305fp/lib/python3.11/site-packages (from ipykernel->-r /scratch/indrisch/CP8305FP/requirements.txt (line 27)) (9.10.1)
Requirement already satisfied: matplotlib-inline>=0.1 in /scratch/indrisch/venv_cp8305fp/lib/python3.11/site-packages (from ipykernel->-r /scratch/indrisch/CP8305FP/requirements.txt (line 27)) (0.2.1+computecanada)
Requirement already satisfied: nest-asyncio>=1.4 in /scratch/indrisch/venv_cp8305fp/lib/python3.11/site-packages (from ipykernel->-r /scratch/indrisch/CP8305FP/requirements.txt (line 27)) (1.6.0+computecanada)
Requirement already satisfied: psutil>=5.7 in /scratch/indrisch/venv_cp8305fp/lib/python3.11/site-packages (from ipykernel->-r /scratch/indrisch/CP8305FP/requirements.txt (line 27)) (7.2.2+computecanada)
Requirement already satisfied: et-xmlfile in /scratch/indrisch/venv_cp8305fp/lib/python3.11/site-packages (from openpyxl->-r /scratch/indrisch/CP8305FP/requirements.txt (line 30)) (2.0.0+computecanada)
Requirement already satisfied: kagglesdk<1.0,>=0.1.14 in /scratch/indrisch/venv_cp8305fp/lib/python3.11/site-packages (from kagglehub->-r /scratch/indrisch/CP8305FP/requirements.txt (line 33)) (0.1.18)
Requirement already satisfied: pyyaml in /scratch/indrisch/venv_cp8305fp/lib/python3.11/site-packages (from kagglehub->-r /scratch/indrisch/CP8305FP/requirements.txt (line 33)) (6.0.3+computecanada)
Requirement already satisfied: protobuf in /scratch/indrisch/venv_cp8305fp/lib/python3.11/site-packages (from kagglesdk<1.0,>=0.1.14->kagglehub->-r /scratch/indrisch/CP8305FP/requirements.txt (line 33)) (7.34.1+computecanada)
Requirement already satisfied: argon2-cffi-bindings in /scratch/indrisch/venv_cp8305fp/lib/python3.11/site-packages (from argon2-cffi>=21.1->jupyter-server<3,>=2.4.0->notebook->-r /scratch/indrisch/CP8305FP/requirements.txt (line 26)) (25.1.0+computecanada)
Requirement already satisfied: decorator>=4.3.2 in /scratch/indrisch/venv_cp8305fp/lib/python3.11/site-packages (from ipython>=7.23.1->ipykernel->-r /scratch/indrisch/CP8305FP/requirements.txt (line 27)) (5.2.1+computecanada)
Requirement already satisfied: ipython-pygments-lexers>=1.0.0 in /scratch/indrisch/venv_cp8305fp/lib/python3.11/site-packages (from ipython>=7.23.1->ipykernel->-r /scratch/indrisch/CP8305FP/requirements.txt (line 27)) (1.1.1+computecanada)
Requirement already satisfied: jedi>=0.18.1 in /scratch/indrisch/venv_cp8305fp/lib/python3.11/site-packages (from ipython>=7.23.1->ipykernel->-r /scratch/indrisch/CP8305FP/requirements.txt (line 27)) (0.19.2+computecanada)
Requirement already satisfied: pexpect>4.3 in /scratch/indrisch/venv_cp8305fp/lib/python3.11/site-packages (from ipython>=7.23.1->ipykernel->-r /scratch/indrisch/CP8305FP/requirements.txt (line 27)) (4.9.0+computecanada)
Requirement already satisfied: prompt_toolkit<3.1.0,>=3.0.41 in /scratch/indrisch/venv_cp8305fp/lib/python3.11/site-packages (from ipython>=7.23.1->ipykernel->-r /scratch/indrisch/CP8305FP/requirements.txt (line 27)) (3.0.52+computecanada)
Requirement already satisfied: pygments>=2.11.0 in /scratch/indrisch/venv_cp8305fp/lib/python3.11/site-packages (from ipython>=7.23.1->ipykernel->-r /scratch/indrisch/CP8305FP/requirements.txt (line 27)) (2.20.0+computecanada)
Requirement already satisfied: stack_data>=0.6.0 in /scratch/indrisch/venv_cp8305fp/lib/python3.11/site-packages (from ipython>=7.23.1->ipykernel->-r /scratch/indrisch/CP8305FP/requirements.txt (line 27)) (0.6.3+computecanada)
Requirement already satisfied: wcwidth in /scratch/indrisch/venv_cp8305fp/lib/python3.11/site-packages (from prompt_toolkit<3.1.0,>=3.0.41->ipython>=7.23.1->ipykernel->-r /scratch/indrisch/CP8305FP/requirements.txt (line 27)) (0.6.0+computecanada)
Requirement already satisfied: parso<0.9.0,>=0.8.4 in /scratch/indrisch/venv_cp8305fp/lib/python3.11/site-packages (from jedi>=0.18.1->ipython>=7.23.1->ipykernel->-r /scratch/indrisch/CP8305FP/requirements.txt (line 27)) (0.8.6+computecanada)
Requirement already satisfied: MarkupSafe>=2.0 in /scratch/indrisch/venv_cp8305fp/lib/python3.11/site-packages (from jinja2>=3.0.3->jupyter-server<3,>=2.4.0->notebook->-r /scratch/indrisch/CP8305FP/requirements.txt (line 26)) (3.0.3+computecanada)
Requirement already satisfied: attrs>=22.2.0 in /scratch/indrisch/venv_cp8305fp/lib/python3.11/site-packages (from jsonschema>=4.18.0->jupyterlab-server<3,>=2.28.0->notebook->-r /scratch/indrisch/CP8305FP/requirements.txt (line 26)) (26.1.0+computecanada)
Requirement already satisfied: jsonschema-specifications>=2023.03.6 in /scratch/indrisch/venv_cp8305fp/lib/python3.11/site-packages (from jsonschema>=4.18.0->jupyterlab-server<3,>=2.28.0->notebook->-r /scratch/indrisch/CP8305FP/requirements.txt (line 26)) (2025.9.1+computecanada)
Requirement already satisfied: referencing>=0.28.4 in /scratch/indrisch/venv_cp8305fp/lib/python3.11/site-packages (from jsonschema>=4.18.0->jupyterlab-server<3,>=2.28.0->notebook->-r /scratch/indrisch/CP8305FP/requirements.txt (line 26)) (0.37.0+computecanada)
Requirement already satisfied: rpds-py>=0.25.0 in /scratch/indrisch/venv_cp8305fp/lib/python3.11/site-packages (from jsonschema>=4.18.0->jupyterlab-server<3,>=2.28.0->notebook->-r /scratch/indrisch/CP8305FP/requirements.txt (line 26)) (0.30.0+computecanada)
Requirement already satisfied: platformdirs>=2.5 in /scratch/indrisch/venv_cp8305fp/lib/python3.11/site-packages (from jupyter-core!=5.0.*,>=4.12->jupyter-server<3,>=2.4.0->notebook->-r /scratch/indrisch/CP8305FP/requirements.txt (line 26)) (4.9.6)
Requirement already satisfied: python-json-logger>=2.0.4 in /scratch/indrisch/venv_cp8305fp/lib/python3.11/site-packages (from jupyter-events>=0.11.0->jupyter-server<3,>=2.4.0->notebook->-r /scratch/indrisch/CP8305FP/requirements.txt (line 26)) (4.1.0+computecanada)
Requirement already satisfied: rfc3339-validator in /scratch/indrisch/venv_cp8305fp/lib/python3.11/site-packages (from jupyter-events>=0.11.0->jupyter-server<3,>=2.4.0->notebook->-r /scratch/indrisch/CP8305FP/requirements.txt (line 26)) (0.1.4+computecanada)
Requirement already satisfied: rfc3986-validator>=0.1.1 in /scratch/indrisch/venv_cp8305fp/lib/python3.11/site-packages (from jupyter-events>=0.11.0->jupyter-server<3,>=2.4.0->notebook->-r /scratch/indrisch/CP8305FP/requirements.txt (line 26)) (0.1.1+computecanada)
Requirement already satisfied: fqdn in /scratch/indrisch/venv_cp8305fp/lib/python3.11/site-packages (from jsonschema[format-nongpl]>=4.18.0->jupyter-events>=0.11.0->jupyter-server<3,>=2.4.0->notebook->-r /scratch/indrisch/CP8305FP/requirements.txt (line 26)) (1.5.1+computecanada)
Requirement already satisfied: isoduration in /scratch/indrisch/venv_cp8305fp/lib/python3.11/site-packages (from jsonschema[format-nongpl]>=4.18.0->jupyter-events>=0.11.0->jupyter-server<3,>=2.4.0->notebook->-r /scratch/indrisch/CP8305FP/requirements.txt (line 26)) (20.11.0+computecanada)
Requirement already satisfied: jsonpointer>1.13 in /scratch/indrisch/venv_cp8305fp/lib/python3.11/site-packages (from jsonschema[format-nongpl]>=4.18.0->jupyter-events>=0.11.0->jupyter-server<3,>=2.4.0->notebook->-r /scratch/indrisch/CP8305FP/requirements.txt (line 26)) (3.1.1)
Requirement already satisfied: rfc3987-syntax>=1.1.0 in /scratch/indrisch/venv_cp8305fp/lib/python3.11/site-packages (from jsonschema[format-nongpl]>=4.18.0->jupyter-events>=0.11.0->jupyter-server<3,>=2.4.0->notebook->-r /scratch/indrisch/CP8305FP/requirements.txt (line 26)) (1.1.0+computecanada)
Requirement already satisfied: uri-template in /scratch/indrisch/venv_cp8305fp/lib/python3.11/site-packages (from jsonschema[format-nongpl]>=4.18.0->jupyter-events>=0.11.0->jupyter-server<3,>=2.4.0->notebook->-r /scratch/indrisch/CP8305FP/requirements.txt (line 26)) (1.3.0+computecanada)
Requirement already satisfied: webcolors>=24.6.0 in /scratch/indrisch/venv_cp8305fp/lib/python3.11/site-packages (from jsonschema[format-nongpl]>=4.18.0->jupyter-events>=0.11.0->jupyter-server<3,>=2.4.0->notebook->-r /scratch/indrisch/CP8305FP/requirements.txt (line 26)) (25.10.0+computecanada)
Requirement already satisfied: beautifulsoup4 in /scratch/indrisch/venv_cp8305fp/lib/python3.11/site-packages (from nbconvert->jupyter->-r /scratch/indrisch/CP8305FP/requirements.txt (line 25)) (4.14.3+computecanada)
Requirement already satisfied: bleach!=5.0.0 in /scratch/indrisch/venv_cp8305fp/lib/python3.11/site-packages (from bleach[css]!=5.0.0->nbconvert->jupyter->-r /scratch/indrisch/CP8305FP/requirements.txt (line 25)) (6.3.0+computecanada)
Requirement already satisfied: defusedxml in /scratch/indrisch/venv_cp8305fp/lib/python3.11/site-packages (from nbconvert->jupyter->-r /scratch/indrisch/CP8305FP/requirements.txt (line 25)) (0.7.1+computecanada)
Requirement already satisfied: jupyterlab-pygments in /scratch/indrisch/venv_cp8305fp/lib/python3.11/site-packages (from nbconvert->jupyter->-r /scratch/indrisch/CP8305FP/requirements.txt (line 25)) (0.3.0+computecanada)
Requirement already satisfied: mistune<4,>=2.0.3 in /scratch/indrisch/venv_cp8305fp/lib/python3.11/site-packages (from nbconvert->jupyter->-r /scratch/indrisch/CP8305FP/requirements.txt (line 25)) (3.2.0+computecanada)
Requirement already satisfied: nbclient>=0.5.0 in /scratch/indrisch/venv_cp8305fp/lib/python3.11/site-packages (from nbconvert->jupyter->-r /scratch/indrisch/CP8305FP/requirements.txt (line 25)) (0.10.4+computecanada)
Requirement already satisfied: pandocfilters>=1.4.1 in /scratch/indrisch/venv_cp8305fp/lib/python3.11/site-packages (from nbconvert->jupyter->-r /scratch/indrisch/CP8305FP/requirements.txt (line 25)) (1.5.1+computecanada)
Requirement already satisfied: webencodings in /scratch/indrisch/venv_cp8305fp/lib/python3.11/site-packages (from bleach!=5.0.0->bleach[css]!=5.0.0->nbconvert->jupyter->-r /scratch/indrisch/CP8305FP/requirements.txt (line 25)) (0.5.1+computecanada)
Requirement already satisfied: tinycss2<1.5,>=1.1.0 in /scratch/indrisch/venv_cp8305fp/lib/python3.11/site-packages (from bleach[css]!=5.0.0->nbconvert->jupyter->-r /scratch/indrisch/CP8305FP/requirements.txt (line 25)) (1.4.0+computecanada)
Requirement already satisfied: fastjsonschema>=2.15 in /scratch/indrisch/venv_cp8305fp/lib/python3.11/site-packages (from nbformat>=5.3.0->jupyter-server<3,>=2.4.0->notebook->-r /scratch/indrisch/CP8305FP/requirements.txt (line 26)) (2.21.2+computecanada)
Requirement already satisfied: llvmlite<0.48,>=0.47.0dev0 in /scratch/indrisch/venv_cp8305fp/lib/python3.11/site-packages (from numba>=0.54->shap->-r /scratch/indrisch/CP8305FP/requirements.txt (line 16)) (0.47.0+computecanada)
Requirement already satisfied: ptyprocess>=0.5 in /scratch/indrisch/venv_cp8305fp/lib/python3.11/site-packages (from pexpect>4.3->ipython>=7.23.1->ipykernel->-r /scratch/indrisch/CP8305FP/requirements.txt (line 27)) (0.7.0+computecanada)
Requirement already satisfied: six>=1.5 in /scratch/indrisch/venv_cp8305fp/lib/python3.11/site-packages (from python-dateutil>=2.8.2->pandas->-r /scratch/indrisch/CP8305FP/requirements.txt (line 3)) (1.17.0+computecanada)
Requirement already satisfied: charset_normalizer<4,>=2 in /scratch/indrisch/venv_cp8305fp/lib/python3.11/site-packages (from requests>=2.31->jupyterlab-server<3,>=2.28.0->notebook->-r /scratch/indrisch/CP8305FP/requirements.txt (line 26)) (3.4.7+computecanada)
Requirement already satisfied: urllib3<3,>=1.26 in /scratch/indrisch/venv_cp8305fp/lib/python3.11/site-packages (from requests>=2.31->jupyterlab-server<3,>=2.28.0->notebook->-r /scratch/indrisch/CP8305FP/requirements.txt (line 26)) (2.6.3+computecanada)
Requirement already satisfied: lark>=1.2.2 in /scratch/indrisch/venv_cp8305fp/lib/python3.11/site-packages (from rfc3987-syntax>=1.1.0->jsonschema[format-nongpl]>=4.18.0->jupyter-events>=0.11.0->jupyter-server<3,>=2.4.0->notebook->-r /scratch/indrisch/CP8305FP/requirements.txt (line 26)) (1.3.1+computecanada)
Requirement already satisfied: networkx>=3.0 in /scratch/indrisch/venv_cp8305fp/lib/python3.11/site-packages (from scikit-image>=0.12->lime->-r /scratch/indrisch/CP8305FP/requirements.txt (line 17)) (3.6.1+computecanada)
Requirement already satisfied: imageio!=2.35.0,>=2.33 in /scratch/indrisch/venv_cp8305fp/lib/python3.11/site-packages (from scikit-image>=0.12->lime->-r /scratch/indrisch/CP8305FP/requirements.txt (line 17)) (2.37.3)
Requirement already satisfied: tifffile>=2022.8.12 in /scratch/indrisch/venv_cp8305fp/lib/python3.11/site-packages (from scikit-image>=0.12->lime->-r /scratch/indrisch/CP8305FP/requirements.txt (line 17)) (2026.3.3)
Requirement already satisfied: lazy-loader>=0.4 in /scratch/indrisch/venv_cp8305fp/lib/python3.11/site-packages (from scikit-image>=0.12->lime->-r /scratch/indrisch/CP8305FP/requirements.txt (line 17)) (0.5)
Requirement already satisfied: executing>=1.2.0 in /scratch/indrisch/venv_cp8305fp/lib/python3.11/site-packages (from stack_data>=0.6.0->ipython>=7.23.1->ipykernel->-r /scratch/indrisch/CP8305FP/requirements.txt (line 27)) (2.2.1+computecanada)
Requirement already satisfied: asttokens>=2.1.0 in /scratch/indrisch/venv_cp8305fp/lib/python3.11/site-packages (from stack_data>=0.6.0->ipython>=7.23.1->ipykernel->-r /scratch/indrisch/CP8305FP/requirements.txt (line 27)) (3.0.1+computecanada)
Requirement already satisfied: pure-eval in /scratch/indrisch/venv_cp8305fp/lib/python3.11/site-packages (from stack_data>=0.6.0->ipython>=7.23.1->ipykernel->-r /scratch/indrisch/CP8305FP/requirements.txt (line 27)) (0.2.3+computecanada)
Requirement already satisfied: cffi>=1.0.1 in /scratch/indrisch/venv_cp8305fp/lib/python3.11/site-packages (from argon2-cffi-bindings->argon2-cffi>=21.1->jupyter-server<3,>=2.4.0->notebook->-r /scratch/indrisch/CP8305FP/requirements.txt (line 26)) (2.0.0+computecanada)
Requirement already satisfied: pycparser in /scratch/indrisch/venv_cp8305fp/lib/python3.11/site-packages (from cffi>=1.0.1->argon2-cffi-bindings->argon2-cffi>=21.1->jupyter-server<3,>=2.4.0->notebook->-r /scratch/indrisch/CP8305FP/requirements.txt (line 26)) (3.0+computecanada)
Requirement already satisfied: soupsieve>=1.6.1 in /scratch/indrisch/venv_cp8305fp/lib/python3.11/site-packages (from beautifulsoup4->nbconvert->jupyter->-r /scratch/indrisch/CP8305FP/requirements.txt (line 25)) (2.8.3+computecanada)
Requirement already satisfied: widgetsnbextension~=4.0.14 in /scratch/indrisch/venv_cp8305fp/lib/python3.11/site-packages (from ipywidgets->jupyter->-r /scratch/indrisch/CP8305FP/requirements.txt (line 25)) (4.0.15+computecanada)
Requirement already satisfied: jupyterlab_widgets~=3.0.15 in /scratch/indrisch/venv_cp8305fp/lib/python3.11/site-packages (from ipywidgets->jupyter->-r /scratch/indrisch/CP8305FP/requirements.txt (line 25)) (3.0.16+computecanada)
Requirement already satisfied: arrow>=0.15.0 in /scratch/indrisch/venv_cp8305fp/lib/python3.11/site-packages (from isoduration->jsonschema[format-nongpl]>=4.18.0->jupyter-events>=0.11.0->jupyter-server<3,>=2.4.0->notebook->-r /scratch/indrisch/CP8305FP/requirements.txt (line 26)) (1.4.0+computecanada)
Requirement already satisfied: tzdata in /scratch/indrisch/venv_cp8305fp/lib/python3.11/site-packages (from arrow>=0.15.0->isoduration->jsonschema[format-nongpl]>=4.18.0->jupyter-events>=0.11.0->jupyter-server<3,>=2.4.0->notebook->-r /scratch/indrisch/CP8305FP/requirements.txt (line 26)) (2026.1)
Note: you may need to restart the kernel to use updated packages.
No event loop hook running.
Shape: (69990, 2473)
Features: 2472  |  Target: readmitted_binary  |  Classes/Values: 2
Group-aware CV unavailable (patient_nbr not present in processed data).
Train: (55992, 2472)  |  Test: (13998, 2472)
Positive class ratio (train): 0.0898
Positive class ratio (test) : 0.0898
L1 feature selection kept 2472 of 2472 features.
Selected features for optional reduced model: 2472

============================================================
  Model: zero_r
============================================================
  Fold  1: F1=0.0000  AUC=0.5000  Kappa=0.0000
  Fold  2: F1=0.0000  AUC=0.5000  Kappa=0.0000
  Fold  3: F1=0.0000  AUC=0.5000  Kappa=0.0000
  Fold  4: F1=0.0000  AUC=0.5000  Kappa=0.0000
  Fold  5: F1=0.0000  AUC=0.5000  Kappa=0.0000
  Fold  6: F1=0.0000  AUC=0.5000  Kappa=0.0000
  Fold  7: F1=0.0000  AUC=0.5000  Kappa=0.0000
  Fold  8: F1=0.0000  AUC=0.5000  Kappa=0.0000
  Fold  9: F1=0.0000  AUC=0.5000  Kappa=0.0000
  Fold 10: F1=0.0000  AUC=0.5000  Kappa=0.0000
            f1: 0.0000 [0.0000, 0.0000]
       auc_roc: 0.5000 [0.5000, 0.5000]
         kappa: 0.0000 [0.0000, 0.0000]

============================================================
  Model: one_r
============================================================
  Fold  1: F1=0.1648  AUC=0.5775  Kappa=0.0000
  Fold  2: F1=0.1648  AUC=0.5985  Kappa=0.0000
  Fold  3: F1=0.1646  AUC=0.5590  Kappa=0.0000
  Fold  4: F1=0.1646  AUC=0.5765  Kappa=0.0000
  Fold  5: F1=0.1649  AUC=0.5919  Kappa=0.0000
  Fold  6: F1=0.1649  AUC=0.5733  Kappa=0.0000
  Fold  7: F1=0.1649  AUC=0.5667  Kappa=0.0000
  Fold  8: F1=0.1649  AUC=0.5870  Kappa=0.0000
  Fold  9: F1=0.1649  AUC=0.5930  Kappa=0.0000
  Fold 10: F1=0.1649  AUC=0.5815  Kappa=0.0000
            f1: 0.1648 [0.1647, 0.1649]
       auc_roc: 0.5805 [0.5716, 0.5894]
         kappa: 0.0000 [0.0000, 0.0000]

============================================================
  Model: naive_bayes
============================================================
  Fold  1: F1=0.1668  AUC=0.5102  Kappa=0.0040
  Fold  2: F1=0.1689  AUC=0.5164  Kappa=0.0063
  Fold  3: F1=0.1675  AUC=0.5129  Kappa=0.0050
  Fold  4: F1=0.1669  AUC=0.5114  Kappa=0.0045
  Fold  5: F1=0.1667  AUC=0.5096  Kappa=0.0037
  Fold  6: F1=0.1676  AUC=0.5123  Kappa=0.0048
  Fold  7: F1=0.1688  AUC=0.5159  Kappa=0.0061
  Fold  8: F1=0.1660  AUC=0.5077  Kappa=0.0030
  Fold  9: F1=0.1692  AUC=0.5168  Kappa=0.0065
  Fold 10: F1=0.1670  AUC=0.5106  Kappa=0.0042
            f1: 0.1676 [0.1668, 0.1683]
       auc_roc: 0.5124 [0.5102, 0.5146]
         kappa: 0.0048 [0.0040, 0.0057]

============================================================
  Model: logistic_regression
============================================================
  Fold  1: F1=0.1690  AUC=0.6114  Kappa=0.0072
  Fold  2: F1=0.1684  AUC=0.5942  Kappa=0.0063
  Fold  3: F1=0.1711  AUC=0.6014  Kappa=0.0100
  Fold  4: F1=0.1691  AUC=0.5945  Kappa=0.0078
  Fold  5: F1=0.1691  AUC=0.6072  Kappa=0.0071
  Fold  6: F1=0.1689  AUC=0.6031  Kappa=0.0070
  Fold  7: F1=0.1713  AUC=0.5886  Kappa=0.0096
  Fold  8: F1=0.1674  AUC=0.6007  Kappa=0.0053
  Fold  9: F1=0.1720  AUC=0.6127  Kappa=0.0104
  Fold 10: F1=0.1680  AUC=0.6269  Kappa=0.0058
            f1: 0.1694 [0.1683, 0.1705]
       auc_roc: 0.6041 [0.5961, 0.6120]
         kappa: 0.0077 [0.0064, 0.0089]

============================================================
  Model: decision_tree
============================================================
  Fold  1: F1=0.1118  AUC=0.5149  Kappa=0.0320
  Fold  2: F1=0.1098  AUC=0.5126  Kappa=0.0261
  Fold  3: F1=0.1156  AUC=0.5155  Kappa=0.0319
  Fold  4: F1=0.1339  AUC=0.5251  Kappa=0.0518
  Fold  5: F1=0.1298  AUC=0.5225  Kappa=0.0458
  Fold  6: F1=0.1401  AUC=0.5283  Kappa=0.0585
  Fold  7: F1=0.0764  AUC=0.4962  Kappa=-0.0080
  Fold  8: F1=0.1043  AUC=0.5106  Kappa=0.0226
  Fold  9: F1=0.1354  AUC=0.5258  Kappa=0.0530
  Fold 10: F1=0.1239  AUC=0.5204  Kappa=0.0428
            f1: 0.1181 [0.1045, 0.1317]
       auc_roc: 0.5172 [0.5104, 0.5240]
         kappa: 0.0357 [0.0217, 0.0496]

============================================================
  Model: knn
============================================================
  Fold  1: F1=0.1704  AUC=0.5348  Kappa=0.0180
  Fold  2: F1=0.1666  AUC=0.5324  Kappa=0.0132
  Fold  3: F1=0.1763  AUC=0.5574  Kappa=0.0248
  Fold  4: F1=0.1745  AUC=0.5581  Kappa=0.0230
  Fold  5: F1=0.1688  AUC=0.5454  Kappa=0.0158
  Fold  6: F1=0.1691  AUC=0.5382  Kappa=0.0167
  Fold  7: F1=0.1716  AUC=0.5401  Kappa=0.0190
  Fold  8: F1=0.1839  AUC=0.5667  Kappa=0.0345
  Fold  9: F1=0.1849  AUC=0.5672  Kappa=0.0349
  Fold 10: F1=0.1769  AUC=0.5519  Kappa=0.0259
            f1: 0.1743 [0.1698, 0.1788]
       auc_roc: 0.5492 [0.5400, 0.5584]
         kappa: 0.0226 [0.0172, 0.0280]

============================================================
  Model: sgd_classifier
============================================================
[2026-04-12T02:53:00.111] error: *** JOB 1307001 ON tri0111 CANCELLED AT 2026-04-12T02:53:00 DUE to SIGNAL Terminated ***

scontrol show job 1307001
JobId=1307001 JobName=openmp_job
   UserId=indrisch(3122343) GroupId=indrisch(3122343) MCS_label=N/A
   Priority=1876632 Nice=0 Account=def-wangcs QOS=normal
   JobState=COMPLETING Reason=None Dependency=(null)
   Requeue=0 Restarts=0 BatchFlag=1 Reboot=0 ExitCode=0:15
   RunTime=00:02:03 TimeLimit=00:15:00 TimeMin=N/A
   SubmitTime=2026-04-12T02:50:53 EligibleTime=2026-04-12T02:50:53
   AccrueTime=2026-04-12T02:50:53
   StartTime=2026-04-12T02:50:57 EndTime=2026-04-12T02:53:00 Deadline=N/A
   SuspendTime=None SecsPreSuspend=0 LastSchedEval=2026-04-12T02:50:57 Scheduler=Main
   Partition=compute AllocNode:Sid=tri-login02:1064300
   ReqNodeList=(null) ExcNodeList=(null)
   NodeList=tri0111
   BatchHost=tri0111
   NumNodes=1 NumCPUs=192 NumTasks=1 CPUs/Task=192 ReqB:S:C:T=0:0:*:*
   ReqTRES=cpu=192,mem=767000M,node=1,billing=192
   AllocTRES=cpu=192,mem=767000M,node=1,billing=192
   Socks/Node=* NtasksPerN:B:S:C=1:0:*:* CoreSpec=*
   MinCPUsNode=192 MinMemoryNode=767000M MinTmpDiskNode=0
   Features=(null) DelayBoot=00:00:00
   OverSubscribe=NO Contiguous=0 Licenses=(null) LicensesAlloc=(null) Network=(null)
   Command=/scratch/indrisch/CP8305FP/notebooks/03_modeling.sh
   SubmitLine=SBATCH --comment /opt/slurm/bin/sbatch --export=NONE --get-user-env 03_modeling.sh --export=NONE --get-user-env 03_modeling.sh
   WorkDir=/scratch/indrisch/CP8305FP/notebooks
   Comment=/opt/slurm/bin/sbatch --export=NONE --get-user-env 03_modeling.sh
   StdErr=
   StdIn=/dev/null
   StdOut=/scratch/indrisch/CP8305FP/notebooks/out/03_modeling-1307001.out
   TresPerTask=cpu=192

sacct -j 1307001
JobID           JobName    Account    Elapsed  MaxVMSize     MaxRSS  SystemCPU    UserCPU ExitCode 
------------ ---------- ---------- ---------- ---------- ---------- ---------- ---------- -------- 
1307001      openmp_job def-wangcs   00:02:03                        02:53.096  19:28.456      0:0 
1307001.bat+      batch def-wangcs   00:02:04          0  45180028K  02:53.096  19:28.456     0:15 
1307001.ext+     extern def-wangcs   00:02:04                         00:00:00   00:00:00      0:0 

