[2026-04-12T02:29:35.133] error: *** JOB 1306569 ON tri0030 CANCELLED AT 2026-04-12T02:29:35 DUE to SIGNAL Terminated ***

scontrol show job 1306569
JobId=1306569 JobName=03_modeling.sh
   UserId=indrisch(3122343) GroupId=indrisch(3122343) MCS_label=N/A
   Priority=1964849 Nice=0 Account=def-wangcs QOS=normal
   JobState=COMPLETING Reason=None Dependency=(null)
   Requeue=0 Restarts=0 BatchFlag=1 Reboot=0 ExitCode=0:15
   RunTime=00:02:36 TimeLimit=00:15:00 TimeMin=N/A
   SubmitTime=2026-04-12T02:26:04 EligibleTime=2026-04-12T02:26:04
   AccrueTime=2026-04-12T02:26:04
   StartTime=2026-04-12T02:26:59 EndTime=2026-04-12T02:29:35 Deadline=N/A
   SuspendTime=None SecsPreSuspend=0 LastSchedEval=2026-04-12T02:26:59 Scheduler=Backfill
   Partition=compute AllocNode:Sid=tri-login02:1064300
   ReqNodeList=(null) ExcNodeList=(null)
   NodeList=tri0030
   BatchHost=tri0030
   NumNodes=1 NumCPUs=192 NumTasks=1 CPUs/Task=192 ReqB:S:C:T=0:0:*:*
   ReqTRES=cpu=192,mem=767000M,node=1,billing=192
   AllocTRES=cpu=192,mem=767000M,node=1,billing=192
   Socks/Node=* NtasksPerN:B:S:C=1:0:*:* CoreSpec=*
   MinCPUsNode=192 MinMemoryNode=767000M MinTmpDiskNode=0
   Features=(null) DelayBoot=00:00:00
   OverSubscribe=NO Contiguous=0 Licenses=(null) LicensesAlloc=(null) Network=(null)
   Command=/scratch/indrisch/CP8305FP/notebooks/03_modeling.sh
   SubmitLine=SBATCH --comment /opt/slurm/bin/sbatch --export=NONE --get-user-env 03_modeling.sh --export=NONE --get-user-env 03_modeling.sh
   WorkDir=/scratch/indrisch/CP8305FP/notebooks
   Comment=/opt/slurm/bin/sbatch --export=NONE --get-user-env 03_modeling.sh
   StdErr=
   StdIn=/dev/null
   StdOut=/scratch/indrisch/CP8305FP/notebooks/out/03_modeling-1306569.out
   TresPerTask=cpu=192

sacct -j 1306569
JobID           JobName    Account    Elapsed  MaxVMSize     MaxRSS  SystemCPU    UserCPU ExitCode 
------------ ---------- ---------- ---------- ---------- ---------- ---------- ---------- -------- 
1306569      03_modeli+ def-wangcs   00:02:36                        03:03.084  23:10.475      0:0 
1306569.bat+      batch def-wangcs   00:02:37          0  45151604K  03:03.084  23:10.475     0:15 
1306569.ext+     extern def-wangcs   00:02:37                         00:00:00   00:00:00      0:0 

