Looking in links: /cvmfs/soft.computecanada.ca/custom/python/wheelhouse/gentoo2023/x86-64-v4, /cvmfs/soft.computecanada.ca/custom/python/wheelhouse/gentoo2023/x86-64-v3, /cvmfs/soft.computecanada.ca/custom/python/wheelhouse/gentoo2023/generic, /cvmfs/soft.computecanada.ca/custom/python/wheelhouse/generic
Requirement already satisfied: numpy in /scratch/indrisch/venv_cp8305fp/lib/python3.11/site-packages (from -r /scratch/indrisch/CP8305FP/requirements.txt (line 2)) (2.4.2+computecanada)
Requirement already satisfied: pandas in /scratch/indrisch/venv_cp8305fp/lib/python3.11/site-packages (from -r /scratch/indrisch/CP8305FP/requirements.txt (line 3)) (3.0.0+computecanada)
Requirement already satisfied: scipy in /scratch/indrisch/venv_cp8305fp/lib/python3.11/site-packages (from -r /scratch/indrisch/CP8305FP/requirements.txt (line 4)) (1.17.0+computecanada)
Requirement already satisfied: scikit-learn in /scratch/indrisch/venv_cp8305fp/lib/python3.11/site-packages (from -r /scratch/indrisch/CP8305FP/requirements.txt (line 7)) (1.8.0+computecanada)
Requirement already satisfied: mlxtend in /scratch/indrisch/venv_cp8305fp/lib/python3.11/site-packages (from -r /scratch/indrisch/CP8305FP/requirements.txt (line 8)) (0.24.0)
Requirement already satisfied: imbalanced-learn in /scratch/indrisch/venv_cp8305fp/lib/python3.11/site-packages (from -r /scratch/indrisch/CP8305FP/requirements.txt (line 9)) (0.14.1+computecanada)
Requirement already satisfied: xgboost in /scratch/indrisch/venv_cp8305fp/lib/python3.11/site-packages (from -r /scratch/indrisch/CP8305FP/requirements.txt (line 12)) (3.2.0+computecanada)
Requirement already satisfied: lightgbm in /scratch/indrisch/venv_cp8305fp/lib/python3.11/site-packages (from -r /scratch/indrisch/CP8305FP/requirements.txt (line 13)) (4.5.0+computecanada)
Requirement already satisfied: shap in /scratch/indrisch/venv_cp8305fp/lib/python3.11/site-packages (from -r /scratch/indrisch/CP8305FP/requirements.txt (line 16)) (0.50.0+computecanada)
Requirement already satisfied: lime in /scratch/indrisch/venv_cp8305fp/lib/python3.11/site-packages (from -r /scratch/indrisch/CP8305FP/requirements.txt (line 17)) (0.2.0.1)
Requirement already satisfied: matplotlib in /scratch/indrisch/venv_cp8305fp/lib/python3.11/site-packages (from -r /scratch/indrisch/CP8305FP/requirements.txt (line 20)) (3.10.8+computecanada)
Requirement already satisfied: seaborn in /scratch/indrisch/venv_cp8305fp/lib/python3.11/site-packages (from -r /scratch/indrisch/CP8305FP/requirements.txt (line 21)) (0.13.2+computecanada)
Requirement already satisfied: plotly in /scratch/indrisch/venv_cp8305fp/lib/python3.11/site-packages (from -r /scratch/indrisch/CP8305FP/requirements.txt (line 22)) (6.7.0)
Requirement already satisfied: jupyter in /scratch/indrisch/venv_cp8305fp/lib/python3.11/site-packages (from -r /scratch/indrisch/CP8305FP/requirements.txt (line 25)) (1.1.1+computecanada)
Requirement already satisfied: notebook in /scratch/indrisch/venv_cp8305fp/lib/python3.11/site-packages (from -r /scratch/indrisch/CP8305FP/requirements.txt (line 26)) (7.5.5)
Requirement already satisfied: ipykernel in /scratch/indrisch/venv_cp8305fp/lib/python3.11/site-packages (from -r /scratch/indrisch/CP8305FP/requirements.txt (line 27)) (7.2.0+computecanada)
Requirement already satisfied: openpyxl in /scratch/indrisch/venv_cp8305fp/lib/python3.11/site-packages (from -r /scratch/indrisch/CP8305FP/requirements.txt (line 30)) (3.1.5+computecanada)
Requirement already satisfied: xlrd in /scratch/indrisch/venv_cp8305fp/lib/python3.11/site-packages (from -r /scratch/indrisch/CP8305FP/requirements.txt (line 31)) (2.0.2+computecanada)
Requirement already satisfied: fairlearn in /scratch/indrisch/venv_cp8305fp/lib/python3.11/site-packages (from -r /scratch/indrisch/CP8305FP/requirements.txt (line 32)) (0.12.0)
Requirement already satisfied: kagglehub in /scratch/indrisch/venv_cp8305fp/lib/python3.11/site-packages (from -r /scratch/indrisch/CP8305FP/requirements.txt (line 33)) (1.0.0)
Requirement already satisfied: tqdm in /scratch/indrisch/venv_cp8305fp/lib/python3.11/site-packages (from -r /scratch/indrisch/CP8305FP/requirements.txt (line 36)) (4.67.3+computecanada)
Requirement already satisfied: joblib in /scratch/indrisch/venv_cp8305fp/lib/python3.11/site-packages (from -r /scratch/indrisch/CP8305FP/requirements.txt (line 37)) (1.5.3+computecanada)
Requirement already satisfied: python-dateutil>=2.8.2 in /scratch/indrisch/venv_cp8305fp/lib/python3.11/site-packages (from pandas->-r /scratch/indrisch/CP8305FP/requirements.txt (line 3)) (2.9.0.post0+computecanada)
Requirement already satisfied: threadpoolctl>=3.2.0 in /scratch/indrisch/venv_cp8305fp/lib/python3.11/site-packages (from scikit-learn->-r /scratch/indrisch/CP8305FP/requirements.txt (line 7)) (3.6.0+computecanada)
Requirement already satisfied: sklearn-compat<0.2,>=0.1.5 in /scratch/indrisch/venv_cp8305fp/lib/python3.11/site-packages (from imbalanced-learn->-r /scratch/indrisch/CP8305FP/requirements.txt (line 9)) (0.1.5+computecanada)
Requirement already satisfied: packaging>20.9 in /scratch/indrisch/venv_cp8305fp/lib/python3.11/site-packages (from shap->-r /scratch/indrisch/CP8305FP/requirements.txt (line 16)) (26.0+computecanada)
Requirement already satisfied: slicer==0.0.8 in /scratch/indrisch/venv_cp8305fp/lib/python3.11/site-packages (from shap->-r /scratch/indrisch/CP8305FP/requirements.txt (line 16)) (0.0.8+computecanada)
Requirement already satisfied: numba>=0.54 in /scratch/indrisch/venv_cp8305fp/lib/python3.11/site-packages (from shap->-r /scratch/indrisch/CP8305FP/requirements.txt (line 16)) (0.65.0+computecanada)
Requirement already satisfied: cloudpickle in /scratch/indrisch/venv_cp8305fp/lib/python3.11/site-packages (from shap->-r /scratch/indrisch/CP8305FP/requirements.txt (line 16)) (3.1.2+computecanada)
Requirement already satisfied: typing-extensions in /scratch/indrisch/venv_cp8305fp/lib/python3.11/site-packages (from shap->-r /scratch/indrisch/CP8305FP/requirements.txt (line 16)) (4.15.0+computecanada)
Requirement already satisfied: scikit-image>=0.12 in /scratch/indrisch/venv_cp8305fp/lib/python3.11/site-packages (from lime->-r /scratch/indrisch/CP8305FP/requirements.txt (line 17)) (0.26.0+computecanada)
Requirement already satisfied: contourpy>=1.0.1 in /scratch/indrisch/venv_cp8305fp/lib/python3.11/site-packages (from matplotlib->-r /scratch/indrisch/CP8305FP/requirements.txt (line 20)) (1.3.3+computecanada)
Requirement already satisfied: cycler>=0.10 in /scratch/indrisch/venv_cp8305fp/lib/python3.11/site-packages (from matplotlib->-r /scratch/indrisch/CP8305FP/requirements.txt (line 20)) (0.12.1+computecanada)
Requirement already satisfied: fonttools>=4.22.0 in /scratch/indrisch/venv_cp8305fp/lib/python3.11/site-packages (from matplotlib->-r /scratch/indrisch/CP8305FP/requirements.txt (line 20)) (4.62.1+computecanada)
Requirement already satisfied: kiwisolver>=1.3.1 in /scratch/indrisch/venv_cp8305fp/lib/python3.11/site-packages (from matplotlib->-r /scratch/indrisch/CP8305FP/requirements.txt (line 20)) (1.4.9+computecanada)
Requirement already satisfied: pillow>=8 in /scratch/indrisch/venv_cp8305fp/lib/python3.11/site-packages (from matplotlib->-r /scratch/indrisch/CP8305FP/requirements.txt (line 20)) (12.1.0+computecanada)
Requirement already satisfied: pyparsing>=3 in /scratch/indrisch/venv_cp8305fp/lib/python3.11/site-packages (from matplotlib->-r /scratch/indrisch/CP8305FP/requirements.txt (line 20)) (3.3.2+computecanada)
Requirement already satisfied: narwhals>=1.15.1 in /scratch/indrisch/venv_cp8305fp/lib/python3.11/site-packages (from plotly->-r /scratch/indrisch/CP8305FP/requirements.txt (line 22)) (2.19.0)
Requirement already satisfied: jupyter-console in /scratch/indrisch/venv_cp8305fp/lib/python3.11/site-packages (from jupyter->-r /scratch/indrisch/CP8305FP/requirements.txt (line 25)) (6.6.3+computecanada)
Requirement already satisfied: nbconvert in /scratch/indrisch/venv_cp8305fp/lib/python3.11/site-packages (from jupyter->-r /scratch/indrisch/CP8305FP/requirements.txt (line 25)) (7.17.1)
Requirement already satisfied: ipywidgets in /scratch/indrisch/venv_cp8305fp/lib/python3.11/site-packages (from jupyter->-r /scratch/indrisch/CP8305FP/requirements.txt (line 25)) (8.1.8+computecanada)
Requirement already satisfied: jupyterlab in /scratch/indrisch/venv_cp8305fp/lib/python3.11/site-packages (from jupyter->-r /scratch/indrisch/CP8305FP/requirements.txt (line 25)) (4.5.6)
Requirement already satisfied: jupyter-server<3,>=2.4.0 in /scratch/indrisch/venv_cp8305fp/lib/python3.11/site-packages (from notebook->-r /scratch/indrisch/CP8305FP/requirements.txt (line 26)) (2.17.0+computecanada)
Requirement already satisfied: jupyterlab-server<3,>=2.28.0 in /scratch/indrisch/venv_cp8305fp/lib/python3.11/site-packages (from notebook->-r /scratch/indrisch/CP8305FP/requirements.txt (line 26)) (2.28.0+computecanada)
Requirement already satisfied: notebook-shim<0.3,>=0.2 in /scratch/indrisch/venv_cp8305fp/lib/python3.11/site-packages (from notebook->-r /scratch/indrisch/CP8305FP/requirements.txt (line 26)) (0.2.4+computecanada)
Requirement already satisfied: tornado>=6.2.0 in /scratch/indrisch/venv_cp8305fp/lib/python3.11/site-packages (from notebook->-r /scratch/indrisch/CP8305FP/requirements.txt (line 26)) (6.5.5+computecanada)
Requirement already satisfied: anyio>=3.1.0 in /scratch/indrisch/venv_cp8305fp/lib/python3.11/site-packages (from jupyter-server<3,>=2.4.0->notebook->-r /scratch/indrisch/CP8305FP/requirements.txt (line 26)) (4.13.0+computecanada)
Requirement already satisfied: argon2-cffi>=21.1 in /scratch/indrisch/venv_cp8305fp/lib/python3.11/site-packages (from jupyter-server<3,>=2.4.0->notebook->-r /scratch/indrisch/CP8305FP/requirements.txt (line 26)) (25.1.0+computecanada)
Requirement already satisfied: jinja2>=3.0.3 in /scratch/indrisch/venv_cp8305fp/lib/python3.11/site-packages (from jupyter-server<3,>=2.4.0->notebook->-r /scratch/indrisch/CP8305FP/requirements.txt (line 26)) (3.1.6+computecanada)
Requirement already satisfied: jupyter-client>=7.4.4 in /scratch/indrisch/venv_cp8305fp/lib/python3.11/site-packages (from jupyter-server<3,>=2.4.0->notebook->-r /scratch/indrisch/CP8305FP/requirements.txt (line 26)) (8.8.0+computecanada)
Requirement already satisfied: jupyter-core!=5.0.*,>=4.12 in /scratch/indrisch/venv_cp8305fp/lib/python3.11/site-packages (from jupyter-server<3,>=2.4.0->notebook->-r /scratch/indrisch/CP8305FP/requirements.txt (line 26)) (5.9.1+computecanada)
Requirement already satisfied: jupyter-events>=0.11.0 in /scratch/indrisch/venv_cp8305fp/lib/python3.11/site-packages (from jupyter-server<3,>=2.4.0->notebook->-r /scratch/indrisch/CP8305FP/requirements.txt (line 26)) (0.12.0+computecanada)
Requirement already satisfied: jupyter-server-terminals>=0.4.4 in /scratch/indrisch/venv_cp8305fp/lib/python3.11/site-packages (from jupyter-server<3,>=2.4.0->notebook->-r /scratch/indrisch/CP8305FP/requirements.txt (line 26)) (0.5.4+computecanada)
Requirement already satisfied: nbformat>=5.3.0 in /scratch/indrisch/venv_cp8305fp/lib/python3.11/site-packages (from jupyter-server<3,>=2.4.0->notebook->-r /scratch/indrisch/CP8305FP/requirements.txt (line 26)) (5.10.4+computecanada)
Requirement already satisfied: overrides>=5.0 in /scratch/indrisch/venv_cp8305fp/lib/python3.11/site-packages (from jupyter-server<3,>=2.4.0->notebook->-r /scratch/indrisch/CP8305FP/requirements.txt (line 26)) (7.7.0+computecanada)
Requirement already satisfied: prometheus-client>=0.9 in /scratch/indrisch/venv_cp8305fp/lib/python3.11/site-packages (from jupyter-server<3,>=2.4.0->notebook->-r /scratch/indrisch/CP8305FP/requirements.txt (line 26)) (0.25.0)
Requirement already satisfied: pyzmq>=24 in /scratch/indrisch/venv_cp8305fp/lib/python3.11/site-packages (from jupyter-server<3,>=2.4.0->notebook->-r /scratch/indrisch/CP8305FP/requirements.txt (line 26)) (27.1.0+computecanada)
Requirement already satisfied: send2trash>=1.8.2 in /scratch/indrisch/venv_cp8305fp/lib/python3.11/site-packages (from jupyter-server<3,>=2.4.0->notebook->-r /scratch/indrisch/CP8305FP/requirements.txt (line 26)) (2.1.0+computecanada)
Requirement already satisfied: terminado>=0.8.3 in /scratch/indrisch/venv_cp8305fp/lib/python3.11/site-packages (from jupyter-server<3,>=2.4.0->notebook->-r /scratch/indrisch/CP8305FP/requirements.txt (line 26)) (0.18.1+computecanada)
Requirement already satisfied: traitlets>=5.6.0 in /scratch/indrisch/venv_cp8305fp/lib/python3.11/site-packages (from jupyter-server<3,>=2.4.0->notebook->-r /scratch/indrisch/CP8305FP/requirements.txt (line 26)) (5.14.3+computecanada)
Requirement already satisfied: websocket-client>=1.7 in /scratch/indrisch/venv_cp8305fp/lib/python3.11/site-packages (from jupyter-server<3,>=2.4.0->notebook->-r /scratch/indrisch/CP8305FP/requirements.txt (line 26)) (1.9.0+computecanada)
Requirement already satisfied: async-lru>=1.0.0 in /scratch/indrisch/venv_cp8305fp/lib/python3.11/site-packages (from jupyterlab->jupyter->-r /scratch/indrisch/CP8305FP/requirements.txt (line 25)) (2.3.0)
Requirement already satisfied: httpx<1,>=0.25.0 in /scratch/indrisch/venv_cp8305fp/lib/python3.11/site-packages (from jupyterlab->jupyter->-r /scratch/indrisch/CP8305FP/requirements.txt (line 25)) (0.28.1+computecanada)
Requirement already satisfied: jupyter-lsp>=2.0.0 in /scratch/indrisch/venv_cp8305fp/lib/python3.11/site-packages (from jupyterlab->jupyter->-r /scratch/indrisch/CP8305FP/requirements.txt (line 25)) (2.3.1)
Requirement already satisfied: setuptools>=41.1.0 in /scratch/indrisch/venv_cp8305fp/lib/python3.11/site-packages (from jupyterlab->jupyter->-r /scratch/indrisch/CP8305FP/requirements.txt (line 25)) (68.0.0)
Requirement already satisfied: certifi in /scratch/indrisch/venv_cp8305fp/lib/python3.11/site-packages (from httpx<1,>=0.25.0->jupyterlab->jupyter->-r /scratch/indrisch/CP8305FP/requirements.txt (line 25)) (2026.2.25+computecanada)
Requirement already satisfied: httpcore==1.* in /scratch/indrisch/venv_cp8305fp/lib/python3.11/site-packages (from httpx<1,>=0.25.0->jupyterlab->jupyter->-r /scratch/indrisch/CP8305FP/requirements.txt (line 25)) (1.0.9+computecanada)
Requirement already satisfied: idna in /scratch/indrisch/venv_cp8305fp/lib/python3.11/site-packages (from httpx<1,>=0.25.0->jupyterlab->jupyter->-r /scratch/indrisch/CP8305FP/requirements.txt (line 25)) (3.11+computecanada)
Requirement already satisfied: h11>=0.16 in /scratch/indrisch/venv_cp8305fp/lib/python3.11/site-packages (from httpcore==1.*->httpx<1,>=0.25.0->jupyterlab->jupyter->-r /scratch/indrisch/CP8305FP/requirements.txt (line 25)) (0.16.0+computecanada)
Requirement already satisfied: babel>=2.10 in /scratch/indrisch/venv_cp8305fp/lib/python3.11/site-packages (from jupyterlab-server<3,>=2.28.0->notebook->-r /scratch/indrisch/CP8305FP/requirements.txt (line 26)) (2.18.0)
Requirement already satisfied: json5>=0.9.0 in /scratch/indrisch/venv_cp8305fp/lib/python3.11/site-packages (from jupyterlab-server<3,>=2.28.0->notebook->-r /scratch/indrisch/CP8305FP/requirements.txt (line 26)) (0.14.0+computecanada)
Requirement already satisfied: jsonschema>=4.18.0 in /scratch/indrisch/venv_cp8305fp/lib/python3.11/site-packages (from jupyterlab-server<3,>=2.28.0->notebook->-r /scratch/indrisch/CP8305FP/requirements.txt (line 26)) (4.26.0+computecanada)
Requirement already satisfied: requests>=2.31 in /scratch/indrisch/venv_cp8305fp/lib/python3.11/site-packages (from jupyterlab-server<3,>=2.28.0->notebook->-r /scratch/indrisch/CP8305FP/requirements.txt (line 26)) (2.33.1+computecanada)
Requirement already satisfied: comm>=0.1.1 in /scratch/indrisch/venv_cp8305fp/lib/python3.11/site-packages (from ipykernel->-r /scratch/indrisch/CP8305FP/requirements.txt (line 27)) (0.2.3+computecanada)
Requirement already satisfied: debugpy>=1.6.5 in /scratch/indrisch/venv_cp8305fp/lib/python3.11/site-packages (from ipykernel->-r /scratch/indrisch/CP8305FP/requirements.txt (line 27)) (1.8.20+computecanada)
Requirement already satisfied: ipython>=7.23.1 in /scratch/indrisch/venv_cp8305fp/lib/python3.11/site-packages (from ipykernel->-r /scratch/indrisch/CP8305FP/requirements.txt (line 27)) (9.10.1)
Requirement already satisfied: matplotlib-inline>=0.1 in /scratch/indrisch/venv_cp8305fp/lib/python3.11/site-packages (from ipykernel->-r /scratch/indrisch/CP8305FP/requirements.txt (line 27)) (0.2.1+computecanada)
Requirement already satisfied: nest-asyncio>=1.4 in /scratch/indrisch/venv_cp8305fp/lib/python3.11/site-packages (from ipykernel->-r /scratch/indrisch/CP8305FP/requirements.txt (line 27)) (1.6.0+computecanada)
Requirement already satisfied: psutil>=5.7 in /scratch/indrisch/venv_cp8305fp/lib/python3.11/site-packages (from ipykernel->-r /scratch/indrisch/CP8305FP/requirements.txt (line 27)) (7.2.2+computecanada)
Requirement already satisfied: et-xmlfile in /scratch/indrisch/venv_cp8305fp/lib/python3.11/site-packages (from openpyxl->-r /scratch/indrisch/CP8305FP/requirements.txt (line 30)) (2.0.0+computecanada)
Requirement already satisfied: kagglesdk<1.0,>=0.1.14 in /scratch/indrisch/venv_cp8305fp/lib/python3.11/site-packages (from kagglehub->-r /scratch/indrisch/CP8305FP/requirements.txt (line 33)) (0.1.18)
Requirement already satisfied: pyyaml in /scratch/indrisch/venv_cp8305fp/lib/python3.11/site-packages (from kagglehub->-r /scratch/indrisch/CP8305FP/requirements.txt (line 33)) (6.0.3+computecanada)
Requirement already satisfied: protobuf in /scratch/indrisch/venv_cp8305fp/lib/python3.11/site-packages (from kagglesdk<1.0,>=0.1.14->kagglehub->-r /scratch/indrisch/CP8305FP/requirements.txt (line 33)) (7.34.1+computecanada)
Requirement already satisfied: argon2-cffi-bindings in /scratch/indrisch/venv_cp8305fp/lib/python3.11/site-packages (from argon2-cffi>=21.1->jupyter-server<3,>=2.4.0->notebook->-r /scratch/indrisch/CP8305FP/requirements.txt (line 26)) (25.1.0+computecanada)
Requirement already satisfied: decorator>=4.3.2 in /scratch/indrisch/venv_cp8305fp/lib/python3.11/site-packages (from ipython>=7.23.1->ipykernel->-r /scratch/indrisch/CP8305FP/requirements.txt (line 27)) (5.2.1+computecanada)
Requirement already satisfied: ipython-pygments-lexers>=1.0.0 in /scratch/indrisch/venv_cp8305fp/lib/python3.11/site-packages (from ipython>=7.23.1->ipykernel->-r /scratch/indrisch/CP8305FP/requirements.txt (line 27)) (1.1.1+computecanada)
Requirement already satisfied: jedi>=0.18.1 in /scratch/indrisch/venv_cp8305fp/lib/python3.11/site-packages (from ipython>=7.23.1->ipykernel->-r /scratch/indrisch/CP8305FP/requirements.txt (line 27)) (0.19.2+computecanada)
Requirement already satisfied: pexpect>4.3 in /scratch/indrisch/venv_cp8305fp/lib/python3.11/site-packages (from ipython>=7.23.1->ipykernel->-r /scratch/indrisch/CP8305FP/requirements.txt (line 27)) (4.9.0+computecanada)
Requirement already satisfied: prompt_toolkit<3.1.0,>=3.0.41 in /scratch/indrisch/venv_cp8305fp/lib/python3.11/site-packages (from ipython>=7.23.1->ipykernel->-r /scratch/indrisch/CP8305FP/requirements.txt (line 27)) (3.0.52+computecanada)
Requirement already satisfied: pygments>=2.11.0 in /scratch/indrisch/venv_cp8305fp/lib/python3.11/site-packages (from ipython>=7.23.1->ipykernel->-r /scratch/indrisch/CP8305FP/requirements.txt (line 27)) (2.20.0+computecanada)
Requirement already satisfied: stack_data>=0.6.0 in /scratch/indrisch/venv_cp8305fp/lib/python3.11/site-packages (from ipython>=7.23.1->ipykernel->-r /scratch/indrisch/CP8305FP/requirements.txt (line 27)) (0.6.3+computecanada)
Requirement already satisfied: wcwidth in /scratch/indrisch/venv_cp8305fp/lib/python3.11/site-packages (from prompt_toolkit<3.1.0,>=3.0.41->ipython>=7.23.1->ipykernel->-r /scratch/indrisch/CP8305FP/requirements.txt (line 27)) (0.6.0+computecanada)
Requirement already satisfied: parso<0.9.0,>=0.8.4 in /scratch/indrisch/venv_cp8305fp/lib/python3.11/site-packages (from jedi>=0.18.1->ipython>=7.23.1->ipykernel->-r /scratch/indrisch/CP8305FP/requirements.txt (line 27)) (0.8.6+computecanada)
Requirement already satisfied: MarkupSafe>=2.0 in /scratch/indrisch/venv_cp8305fp/lib/python3.11/site-packages (from jinja2>=3.0.3->jupyter-server<3,>=2.4.0->notebook->-r /scratch/indrisch/CP8305FP/requirements.txt (line 26)) (3.0.3+computecanada)
Requirement already satisfied: attrs>=22.2.0 in /scratch/indrisch/venv_cp8305fp/lib/python3.11/site-packages (from jsonschema>=4.18.0->jupyterlab-server<3,>=2.28.0->notebook->-r /scratch/indrisch/CP8305FP/requirements.txt (line 26)) (26.1.0+computecanada)
Requirement already satisfied: jsonschema-specifications>=2023.03.6 in /scratch/indrisch/venv_cp8305fp/lib/python3.11/site-packages (from jsonschema>=4.18.0->jupyterlab-server<3,>=2.28.0->notebook->-r /scratch/indrisch/CP8305FP/requirements.txt (line 26)) (2025.9.1+computecanada)
Requirement already satisfied: referencing>=0.28.4 in /scratch/indrisch/venv_cp8305fp/lib/python3.11/site-packages (from jsonschema>=4.18.0->jupyterlab-server<3,>=2.28.0->notebook->-r /scratch/indrisch/CP8305FP/requirements.txt (line 26)) (0.37.0+computecanada)
Requirement already satisfied: rpds-py>=0.25.0 in /scratch/indrisch/venv_cp8305fp/lib/python3.11/site-packages (from jsonschema>=4.18.0->jupyterlab-server<3,>=2.28.0->notebook->-r /scratch/indrisch/CP8305FP/requirements.txt (line 26)) (0.30.0+computecanada)
Requirement already satisfied: platformdirs>=2.5 in /scratch/indrisch/venv_cp8305fp/lib/python3.11/site-packages (from jupyter-core!=5.0.*,>=4.12->jupyter-server<3,>=2.4.0->notebook->-r /scratch/indrisch/CP8305FP/requirements.txt (line 26)) (4.9.6)
Requirement already satisfied: python-json-logger>=2.0.4 in /scratch/indrisch/venv_cp8305fp/lib/python3.11/site-packages (from jupyter-events>=0.11.0->jupyter-server<3,>=2.4.0->notebook->-r /scratch/indrisch/CP8305FP/requirements.txt (line 26)) (4.1.0+computecanada)
Requirement already satisfied: rfc3339-validator in /scratch/indrisch/venv_cp8305fp/lib/python3.11/site-packages (from jupyter-events>=0.11.0->jupyter-server<3,>=2.4.0->notebook->-r /scratch/indrisch/CP8305FP/requirements.txt (line 26)) (0.1.4+computecanada)
Requirement already satisfied: rfc3986-validator>=0.1.1 in /scratch/indrisch/venv_cp8305fp/lib/python3.11/site-packages (from jupyter-events>=0.11.0->jupyter-server<3,>=2.4.0->notebook->-r /scratch/indrisch/CP8305FP/requirements.txt (line 26)) (0.1.1+computecanada)
Requirement already satisfied: fqdn in /scratch/indrisch/venv_cp8305fp/lib/python3.11/site-packages (from jsonschema[format-nongpl]>=4.18.0->jupyter-events>=0.11.0->jupyter-server<3,>=2.4.0->notebook->-r /scratch/indrisch/CP8305FP/requirements.txt (line 26)) (1.5.1+computecanada)
Requirement already satisfied: isoduration in /scratch/indrisch/venv_cp8305fp/lib/python3.11/site-packages (from jsonschema[format-nongpl]>=4.18.0->jupyter-events>=0.11.0->jupyter-server<3,>=2.4.0->notebook->-r /scratch/indrisch/CP8305FP/requirements.txt (line 26)) (20.11.0+computecanada)
Requirement already satisfied: jsonpointer>1.13 in /scratch/indrisch/venv_cp8305fp/lib/python3.11/site-packages (from jsonschema[format-nongpl]>=4.18.0->jupyter-events>=0.11.0->jupyter-server<3,>=2.4.0->notebook->-r /scratch/indrisch/CP8305FP/requirements.txt (line 26)) (3.1.1)
Requirement already satisfied: rfc3987-syntax>=1.1.0 in /scratch/indrisch/venv_cp8305fp/lib/python3.11/site-packages (from jsonschema[format-nongpl]>=4.18.0->jupyter-events>=0.11.0->jupyter-server<3,>=2.4.0->notebook->-r /scratch/indrisch/CP8305FP/requirements.txt (line 26)) (1.1.0+computecanada)
Requirement already satisfied: uri-template in /scratch/indrisch/venv_cp8305fp/lib/python3.11/site-packages (from jsonschema[format-nongpl]>=4.18.0->jupyter-events>=0.11.0->jupyter-server<3,>=2.4.0->notebook->-r /scratch/indrisch/CP8305FP/requirements.txt (line 26)) (1.3.0+computecanada)
Requirement already satisfied: webcolors>=24.6.0 in /scratch/indrisch/venv_cp8305fp/lib/python3.11/site-packages (from jsonschema[format-nongpl]>=4.18.0->jupyter-events>=0.11.0->jupyter-server<3,>=2.4.0->notebook->-r /scratch/indrisch/CP8305FP/requirements.txt (line 26)) (25.10.0+computecanada)
Requirement already satisfied: beautifulsoup4 in /scratch/indrisch/venv_cp8305fp/lib/python3.11/site-packages (from nbconvert->jupyter->-r /scratch/indrisch/CP8305FP/requirements.txt (line 25)) (4.14.3+computecanada)
Requirement already satisfied: bleach!=5.0.0 in /scratch/indrisch/venv_cp8305fp/lib/python3.11/site-packages (from bleach[css]!=5.0.0->nbconvert->jupyter->-r /scratch/indrisch/CP8305FP/requirements.txt (line 25)) (6.3.0+computecanada)
Requirement already satisfied: defusedxml in /scratch/indrisch/venv_cp8305fp/lib/python3.11/site-packages (from nbconvert->jupyter->-r /scratch/indrisch/CP8305FP/requirements.txt (line 25)) (0.7.1+computecanada)
Requirement already satisfied: jupyterlab-pygments in /scratch/indrisch/venv_cp8305fp/lib/python3.11/site-packages (from nbconvert->jupyter->-r /scratch/indrisch/CP8305FP/requirements.txt (line 25)) (0.3.0+computecanada)
Requirement already satisfied: mistune<4,>=2.0.3 in /scratch/indrisch/venv_cp8305fp/lib/python3.11/site-packages (from nbconvert->jupyter->-r /scratch/indrisch/CP8305FP/requirements.txt (line 25)) (3.2.0+computecanada)
Requirement already satisfied: nbclient>=0.5.0 in /scratch/indrisch/venv_cp8305fp/lib/python3.11/site-packages (from nbconvert->jupyter->-r /scratch/indrisch/CP8305FP/requirements.txt (line 25)) (0.10.4+computecanada)
Requirement already satisfied: pandocfilters>=1.4.1 in /scratch/indrisch/venv_cp8305fp/lib/python3.11/site-packages (from nbconvert->jupyter->-r /scratch/indrisch/CP8305FP/requirements.txt (line 25)) (1.5.1+computecanada)
Requirement already satisfied: webencodings in /scratch/indrisch/venv_cp8305fp/lib/python3.11/site-packages (from bleach!=5.0.0->bleach[css]!=5.0.0->nbconvert->jupyter->-r /scratch/indrisch/CP8305FP/requirements.txt (line 25)) (0.5.1+computecanada)
Requirement already satisfied: tinycss2<1.5,>=1.1.0 in /scratch/indrisch/venv_cp8305fp/lib/python3.11/site-packages (from bleach[css]!=5.0.0->nbconvert->jupyter->-r /scratch/indrisch/CP8305FP/requirements.txt (line 25)) (1.4.0+computecanada)
Requirement already satisfied: fastjsonschema>=2.15 in /scratch/indrisch/venv_cp8305fp/lib/python3.11/site-packages (from nbformat>=5.3.0->jupyter-server<3,>=2.4.0->notebook->-r /scratch/indrisch/CP8305FP/requirements.txt (line 26)) (2.21.2+computecanada)
Requirement already satisfied: llvmlite<0.48,>=0.47.0dev0 in /scratch/indrisch/venv_cp8305fp/lib/python3.11/site-packages (from numba>=0.54->shap->-r /scratch/indrisch/CP8305FP/requirements.txt (line 16)) (0.47.0+computecanada)
Requirement already satisfied: ptyprocess>=0.5 in /scratch/indrisch/venv_cp8305fp/lib/python3.11/site-packages (from pexpect>4.3->ipython>=7.23.1->ipykernel->-r /scratch/indrisch/CP8305FP/requirements.txt (line 27)) (0.7.0+computecanada)
Requirement already satisfied: six>=1.5 in /scratch/indrisch/venv_cp8305fp/lib/python3.11/site-packages (from python-dateutil>=2.8.2->pandas->-r /scratch/indrisch/CP8305FP/requirements.txt (line 3)) (1.17.0+computecanada)
Requirement already satisfied: charset_normalizer<4,>=2 in /scratch/indrisch/venv_cp8305fp/lib/python3.11/site-packages (from requests>=2.31->jupyterlab-server<3,>=2.28.0->notebook->-r /scratch/indrisch/CP8305FP/requirements.txt (line 26)) (3.4.7+computecanada)
Requirement already satisfied: urllib3<3,>=1.26 in /scratch/indrisch/venv_cp8305fp/lib/python3.11/site-packages (from requests>=2.31->jupyterlab-server<3,>=2.28.0->notebook->-r /scratch/indrisch/CP8305FP/requirements.txt (line 26)) (2.6.3+computecanada)
Requirement already satisfied: lark>=1.2.2 in /scratch/indrisch/venv_cp8305fp/lib/python3.11/site-packages (from rfc3987-syntax>=1.1.0->jsonschema[format-nongpl]>=4.18.0->jupyter-events>=0.11.0->jupyter-server<3,>=2.4.0->notebook->-r /scratch/indrisch/CP8305FP/requirements.txt (line 26)) (1.3.1+computecanada)
Requirement already satisfied: networkx>=3.0 in /scratch/indrisch/venv_cp8305fp/lib/python3.11/site-packages (from scikit-image>=0.12->lime->-r /scratch/indrisch/CP8305FP/requirements.txt (line 17)) (3.6.1+computecanada)
Requirement already satisfied: imageio!=2.35.0,>=2.33 in /scratch/indrisch/venv_cp8305fp/lib/python3.11/site-packages (from scikit-image>=0.12->lime->-r /scratch/indrisch/CP8305FP/requirements.txt (line 17)) (2.37.3)
Requirement already satisfied: tifffile>=2022.8.12 in /scratch/indrisch/venv_cp8305fp/lib/python3.11/site-packages (from scikit-image>=0.12->lime->-r /scratch/indrisch/CP8305FP/requirements.txt (line 17)) (2026.3.3)
Requirement already satisfied: lazy-loader>=0.4 in /scratch/indrisch/venv_cp8305fp/lib/python3.11/site-packages (from scikit-image>=0.12->lime->-r /scratch/indrisch/CP8305FP/requirements.txt (line 17)) (0.5)
Requirement already satisfied: executing>=1.2.0 in /scratch/indrisch/venv_cp8305fp/lib/python3.11/site-packages (from stack_data>=0.6.0->ipython>=7.23.1->ipykernel->-r /scratch/indrisch/CP8305FP/requirements.txt (line 27)) (2.2.1+computecanada)
Requirement already satisfied: asttokens>=2.1.0 in /scratch/indrisch/venv_cp8305fp/lib/python3.11/site-packages (from stack_data>=0.6.0->ipython>=7.23.1->ipykernel->-r /scratch/indrisch/CP8305FP/requirements.txt (line 27)) (3.0.1+computecanada)
Requirement already satisfied: pure-eval in /scratch/indrisch/venv_cp8305fp/lib/python3.11/site-packages (from stack_data>=0.6.0->ipython>=7.23.1->ipykernel->-r /scratch/indrisch/CP8305FP/requirements.txt (line 27)) (0.2.3+computecanada)
Requirement already satisfied: cffi>=1.0.1 in /scratch/indrisch/venv_cp8305fp/lib/python3.11/site-packages (from argon2-cffi-bindings->argon2-cffi>=21.1->jupyter-server<3,>=2.4.0->notebook->-r /scratch/indrisch/CP8305FP/requirements.txt (line 26)) (2.0.0+computecanada)
Requirement already satisfied: pycparser in /scratch/indrisch/venv_cp8305fp/lib/python3.11/site-packages (from cffi>=1.0.1->argon2-cffi-bindings->argon2-cffi>=21.1->jupyter-server<3,>=2.4.0->notebook->-r /scratch/indrisch/CP8305FP/requirements.txt (line 26)) (3.0+computecanada)
Requirement already satisfied: soupsieve>=1.6.1 in /scratch/indrisch/venv_cp8305fp/lib/python3.11/site-packages (from beautifulsoup4->nbconvert->jupyter->-r /scratch/indrisch/CP8305FP/requirements.txt (line 25)) (2.8.3+computecanada)
Requirement already satisfied: widgetsnbextension~=4.0.14 in /scratch/indrisch/venv_cp8305fp/lib/python3.11/site-packages (from ipywidgets->jupyter->-r /scratch/indrisch/CP8305FP/requirements.txt (line 25)) (4.0.15+computecanada)
Requirement already satisfied: jupyterlab_widgets~=3.0.15 in /scratch/indrisch/venv_cp8305fp/lib/python3.11/site-packages (from ipywidgets->jupyter->-r /scratch/indrisch/CP8305FP/requirements.txt (line 25)) (3.0.16+computecanada)
Requirement already satisfied: arrow>=0.15.0 in /scratch/indrisch/venv_cp8305fp/lib/python3.11/site-packages (from isoduration->jsonschema[format-nongpl]>=4.18.0->jupyter-events>=0.11.0->jupyter-server<3,>=2.4.0->notebook->-r /scratch/indrisch/CP8305FP/requirements.txt (line 26)) (1.4.0+computecanada)
Requirement already satisfied: tzdata in /scratch/indrisch/venv_cp8305fp/lib/python3.11/site-packages (from arrow>=0.15.0->isoduration->jsonschema[format-nongpl]>=4.18.0->jupyter-events>=0.11.0->jupyter-server<3,>=2.4.0->notebook->-r /scratch/indrisch/CP8305FP/requirements.txt (line 26)) (2026.1)
Note: you may need to restart the kernel to use updated packages.
CPU budget: 192
[31m---------------------------------------------------------------------------[39m
[31mNameError[39m                                 Traceback (most recent call last)
[36mCell[39m[36m [39m[32mIn[1][39m[32m, line 9[39m
[32m      6[39m N_CPUS = [38;5;28mint[39m(os.environ.get([33m'[39m[33mSLURM_CPUS_PER_TASK[39m[33m'[39m, os.cpu_count() [38;5;129;01mor[39;00m [32m4[39m))
[32m      7[39m [38;5;28mprint[39m([33mf[39m[33m'[39m[33mCPU budget: [39m[38;5;132;01m{[39;00mN_CPUS[38;5;132;01m}[39;00m[33m'[39m)
[32m----> [39m[32m9[39m TABLES_DIR = [43mPath[49m([33m'[39m[33m..[39m[33m'[39m) / [33m'[39m[33mreports[39m[33m'[39m / [33m'[39m[33mtables[39m[33m'[39m
[32m     10[39m TABLES_DIR.mkdir(parents=[38;5;28;01mTrue[39;00m, exist_ok=[38;5;28;01mTrue[39;00m)

[31mNameError[39m: name 'Path' is not defined

scontrol show job 1307171
JobId=1307171 JobName=openmp_job
   UserId=indrisch(3122343) GroupId=indrisch(3122343) MCS_label=N/A
   Priority=1630759 Nice=0 Account=def-wangcs QOS=normal
   JobState=COMPLETING Reason=NonZeroExitCode Dependency=(null)
   Requeue=0 Restarts=0 BatchFlag=1 Reboot=0 ExitCode=1:0
   RunTime=00:00:08 TimeLimit=06:00:00 TimeMin=N/A
   SubmitTime=2026-04-12T05:44:38 EligibleTime=2026-04-12T05:44:38
   AccrueTime=2026-04-12T05:44:38
   StartTime=2026-04-12T05:44:41 EndTime=2026-04-12T05:44:49 Deadline=N/A
   SuspendTime=None SecsPreSuspend=0 LastSchedEval=2026-04-12T05:44:41 Scheduler=Main
   Partition=compute AllocNode:Sid=tri-login02:2706456
   ReqNodeList=(null) ExcNodeList=(null)
   NodeList=tri0117
   BatchHost=tri0117
   NumNodes=1 NumCPUs=192 NumTasks=1 CPUs/Task=192 ReqB:S:C:T=0:0:*:*
   ReqTRES=cpu=192,mem=767000M,node=1,billing=192
   AllocTRES=cpu=192,mem=767000M,node=1,billing=192
   Socks/Node=* NtasksPerN:B:S:C=1:0:*:* CoreSpec=*
   MinCPUsNode=192 MinMemoryNode=767000M MinTmpDiskNode=0
   Features=(null) DelayBoot=00:00:00
   OverSubscribe=NO Contiguous=0 Licenses=(null) LicensesAlloc=(null) Network=(null)
   Command=/scratch/indrisch/CP8305FP/notebooks/03_modeling.sh
   SubmitLine=SBATCH --comment /opt/slurm/bin/sbatch --export=NONE --get-user-env 03_modeling.sh --export=NONE --get-user-env 03_modeling.sh
   WorkDir=/scratch/indrisch/CP8305FP/notebooks
   Comment=/opt/slurm/bin/sbatch --export=NONE --get-user-env 03_modeling.sh
   StdErr=
   StdIn=/dev/null
   StdOut=/scratch/indrisch/CP8305FP/notebooks/out/03_modeling-1307171.out
   TresPerTask=cpu=192

sacct -j 1307171
JobID           JobName    Account    Elapsed  MaxVMSize     MaxRSS  SystemCPU    UserCPU ExitCode 
------------ ---------- ---------- ---------- ---------- ---------- ---------- ---------- -------- 
1307171      openmp_job def-wangcs   00:00:08                         00:00:00   00:00:00      0:0 
1307171.bat+      batch def-wangcs   00:00:08                         00:00:00   00:00:00      0:0 
1307171.ext+     extern def-wangcs   00:00:08                         00:00:00   00:00:00      0:0 

