No event loop hook running.
Shape: (69990, 2473)
Features: 2472  |  Target: readmitted_binary  |  Positive rate: 0.090
Scaled matrix: (69990, 2472)
80% variance explained by 1598 / 2472 components
90% variance explained by 1881 / 2472 components
95% variance explained by 2044 / 2472 components
Figure saved to /scratch/indrisch/CP8305FP/reports/figures/05_pca_variance_explained.png
<Figure size 900x400 with 1 Axes>
Figure saved to /scratch/indrisch/CP8305FP/reports/figures/05_pca_2d_projection.png
<Figure size 900x700 with 1 Axes>
Figure saved to /scratch/indrisch/CP8305FP/reports/figures/05_tsne_2d.png
<Figure size 900x700 with 1 Axes>
umap-learn not installed — skipping UMAP visualisation.
  k=2  inertia=166923569.51
  k=3  inertia=166852776.37
  k=4  inertia=166773724.13
  k=5  inertia=166695806.17
  k=6  inertia=166615594.62
  k=7  inertia=166541411.37
  k=8  inertia=166085227.85
  k=9  inertia=166000366.53
  k=10  inertia=165920980.35
Figure saved to /scratch/indrisch/CP8305FP/reports/figures/05_elbow_curve.png
<Figure size 700x400 with 1 Axes>
[31m---------------------------------------------------------------------------[39m
[31mValueError[39m                                Traceback (most recent call last)
[36mCell[39m[36m [39m[32mIn[1][39m[32m, line 5[39m
[32m      3[39m km = KMeans(n_clusters=k, random_state=[32m42[39m, n_init=[33m'[39m[33mauto[39m[33m'[39m)
[32m      4[39m labels = km.fit_predict(X_scaled)
[32m----> [39m[32m5[39m sil = [43msilhouette_score[49m[43m([49m[43mX_scaled[49m[43m,[49m[43m [49m[43mlabels[49m[43m,[49m[43m [49m[43msample_size[49m[43m=[49m[32;43m10_000[39;49m[43m,[49m[43m [49m[43mrandom_state[49m[43m=[49m[32;43m42[39;49m[43m)[49m
[32m      6[39m sil_scores.append((k, sil))
[32m      7[39m [38;5;28mprint[39m([33mf[39m[33m'[39m[33m  k=[39m[38;5;132;01m{[39;00mk[38;5;132;01m}[39;00m[33m  silhouette=[39m[38;5;132;01m{[39;00msil[38;5;132;01m:[39;00m[33m.4f[39m[38;5;132;01m}[39;00m[33m'[39m)

[36mFile [39m[32m/scratch/indrisch/venv_cp8305fp/lib/python3.11/site-packages/sklearn/utils/_param_validation.py:218[39m, in [36mvalidate_params.<locals>.decorator.<locals>.wrapper[39m[34m(*args, **kwargs)[39m
[32m    212[39m [38;5;28;01mtry[39;00m:
[32m    213[39m     [38;5;28;01mwith[39;00m config_context(
[32m    214[39m         skip_parameter_validation=(
[32m    215[39m             prefer_skip_nested_validation [38;5;129;01mor[39;00m global_skip_validation
[32m    216[39m         )
[32m    217[39m     ):
[32m--> [39m[32m218[39m         [38;5;28;01mreturn[39;00m [43mfunc[49m[43m([49m[43m*[49m[43margs[49m[43m,[49m[43m [49m[43m*[49m[43m*[49m[43mkwargs[49m[43m)[49m
[32m    219[39m [38;5;28;01mexcept[39;00m InvalidParameterError [38;5;28;01mas[39;00m e:
[32m    220[39m     [38;5;66;03m# When the function is just a wrapper around an estimator, we allow[39;00m
[32m    221[39m     [38;5;66;03m# the function to delegate validation to the estimator, but we replace[39;00m
[32m    222[39m     [38;5;66;03m# the name of the estimator by the name of the function in the error[39;00m
[32m    223[39m     [38;5;66;03m# message to avoid confusion.[39;00m
[32m    224[39m     msg = re.sub(
[32m    225[39m         [33mr[39m[33m"[39m[33mparameter of [39m[33m\[39m[33mw+ must be[39m[33m"[39m,
[32m    226[39m         [33mf[39m[33m"[39m[33mparameter of [39m[38;5;132;01m{[39;00mfunc.[34m__qualname__[39m[38;5;132;01m}[39;00m[33m must be[39m[33m"[39m,
[32m    227[39m         [38;5;28mstr[39m(e),
[32m    228[39m     )

[36mFile [39m[32m/scratch/indrisch/venv_cp8305fp/lib/python3.11/site-packages/sklearn/metrics/cluster/_unsupervised.py:146[39m, in [36msilhouette_score[39m[34m(X, labels, metric, sample_size, random_state, **kwds)[39m
[32m    144[39m     [38;5;28;01melse[39;00m:
[32m    145[39m         X, labels = X[indices], labels[indices]
[32m--> [39m[32m146[39m [38;5;28;01mreturn[39;00m [38;5;28mfloat[39m(np.mean([43msilhouette_samples[49m[43m([49m[43mX[49m[43m,[49m[43m [49m[43mlabels[49m[43m,[49m[43m [49m[43mmetric[49m[43m=[49m[43mmetric[49m[43m,[49m[43m [49m[43m*[49m[43m*[49m[43mkwds[49m[43m)[49m))

[36mFile [39m[32m/scratch/indrisch/venv_cp8305fp/lib/python3.11/site-packages/sklearn/utils/_param_validation.py:191[39m, in [36mvalidate_params.<locals>.decorator.<locals>.wrapper[39m[34m(*args, **kwargs)[39m
[32m    189[39m global_skip_validation = get_config()[[33m"[39m[33mskip_parameter_validation[39m[33m"[39m]
[32m    190[39m [38;5;28;01mif[39;00m global_skip_validation:
[32m--> [39m[32m191[39m     [38;5;28;01mreturn[39;00m [43mfunc[49m[43m([49m[43m*[49m[43margs[49m[43m,[49m[43m [49m[43m*[49m[43m*[49m[43mkwargs[49m[43m)[49m
[32m    193[39m func_sig = signature(func)
[32m    195[39m [38;5;66;03m# Map *args/**kwargs to the function signature[39;00m

[36mFile [39m[32m/scratch/indrisch/venv_cp8305fp/lib/python3.11/site-packages/sklearn/metrics/cluster/_unsupervised.py:304[39m, in [36msilhouette_samples[39m[34m(X, labels, metric, **kwds)[39m
[32m    302[39m n_samples = [38;5;28mlen[39m(labels)
[32m    303[39m label_freqs = np.bincount(labels)
[32m--> [39m[32m304[39m [43mcheck_number_of_labels[49m[43m([49m[38;5;28;43mlen[39;49m[43m([49m[43mle[49m[43m.[49m[43mclasses_[49m[43m)[49m[43m,[49m[43m [49m[43mn_samples[49m[43m)[49m
[32m    306[39m kwds[[33m"[39m[33mmetric[39m[33m"[39m] = metric
[32m    307[39m reduce_func = functools.partial(
[32m    308[39m     _silhouette_reduce, labels=labels, label_freqs=label_freqs
[32m    309[39m )

[36mFile [39m[32m/scratch/indrisch/venv_cp8305fp/lib/python3.11/site-packages/sklearn/metrics/cluster/_unsupervised.py:43[39m, in [36mcheck_number_of_labels[39m[34m(n_labels, n_samples)[39m
[32m     32[39m [38;5;250m[39m[33;03m"""Check that number of labels are valid.[39;00m
[32m     33[39m 
[32m     34[39m [33;03mParameters[39;00m
[32m   (...)[39m[32m     40[39m [33;03m    Number of samples.[39;00m
[32m     41[39m [33;03m"""[39;00m
[32m     42[39m [38;5;28;01mif[39;00m [38;5;129;01mnot[39;00m [32m1[39m < n_labels < n_samples:
[32m---> [39m[32m43[39m     [38;5;28;01mraise[39;00m [38;5;167;01mValueError[39;00m(
[32m     44[39m         [33m"[39m[33mNumber of labels is [39m[38;5;132;01m%d[39;00m[33m. Valid values are 2 to n_samples - 1 (inclusive)[39m[33m"[39m
[32m     45[39m         % n_labels
[32m     46[39m     )

[31mValueError[39m: Number of labels is 1. Valid values are 2 to n_samples - 1 (inclusive)

scontrol show job 1321836
JobId=1321836 JobName=openmp_job
   UserId=indrisch(3122343) GroupId=indrisch(3122343) MCS_label=N/A
   Priority=1127747 Nice=0 Account=def-wangcs QOS=normal
   JobState=COMPLETING Reason=NonZeroExitCode Dependency=(null)
   Requeue=0 Restarts=0 BatchFlag=1 Reboot=0 ExitCode=1:0
   RunTime=00:01:27 TimeLimit=06:00:00 TimeMin=N/A
   SubmitTime=2026-04-14T14:37:34 EligibleTime=2026-04-14T14:37:34
   AccrueTime=2026-04-14T14:37:34
   StartTime=2026-04-14T14:37:42 EndTime=2026-04-14T14:39:09 Deadline=N/A
   SuspendTime=None SecsPreSuspend=0 LastSchedEval=2026-04-14T14:37:42 Scheduler=Backfill
   Partition=compute AllocNode:Sid=tri-login02:2803114
   ReqNodeList=(null) ExcNodeList=(null)
   NodeList=tri0134
   BatchHost=tri0134
   NumNodes=1 NumCPUs=192 NumTasks=1 CPUs/Task=192 ReqB:S:C:T=0:0:*:*
   ReqTRES=cpu=192,mem=767000M,node=1,billing=192
   AllocTRES=cpu=192,mem=767000M,node=1,billing=192
   Socks/Node=* NtasksPerN:B:S:C=1:0:*:* CoreSpec=*
   MinCPUsNode=192 MinMemoryNode=767000M MinTmpDiskNode=0
   Features=(null) DelayBoot=00:00:00
   OverSubscribe=NO Contiguous=0 Licenses=(null) LicensesAlloc=(null) Network=(null)
   Command=/scratch/indrisch/CP8305FP/notebooks/05_unsupervised_modelling.sh
   SubmitLine=SBATCH --comment /opt/slurm/bin/sbatch --export=NONE --get-user-env 05_unsupervised_modelling.sh --export=NONE --get-user-env 05_unsupervised_modelling.sh
   WorkDir=/scratch/indrisch/CP8305FP/notebooks
   Comment=/opt/slurm/bin/sbatch --export=NONE --get-user-env 05_unsupervised_modelling.sh
   StdErr=
   StdIn=/dev/null
   StdOut=/scratch/indrisch/CP8305FP/notebooks/out/05_unsupervised_modelling-1321836.out
   TresPerTask=cpu=192

sacct -j 1321836
JobID           JobName    Account    Elapsed  MaxVMSize     MaxRSS  SystemCPU    UserCPU ExitCode 
------------ ---------- ---------- ---------- ---------- ---------- ---------- ---------- -------- 
1321836      openmp_job def-wangcs   00:01:27                        00:35.149   01:37:24      1:0 
1321836.bat+      batch def-wangcs   00:01:27          0   8027412K  00:35.149   01:37:24      1:0 
1321836.ext+     extern def-wangcs   00:01:27                         00:00:00   00:00:00      0:0 

